[2026-06-10T07:48:13.104Z] 开始发布 mode=video platform=instagram profile=default job=C:\Users\compu\.openclaw\publish-system\data\tasks\daily-20260610-r02\publish\publish_job_20260610_r02.json
[2026-06-10T07:48:19.880Z] hovered nav to expand sidebar
[2026-06-10T07:48:19.881Z] human wait sidebar_hover 964ms
[2026-06-10T07:48:20.904Z] hovered nav to expand sidebar
[2026-06-10T07:48:20.905Z] human wait sidebar_hover 1010ms
[2026-06-10T07:48:21.928Z] human wait before_create_entry 4008ms
[2026-06-10T07:48:26.030Z] hovered nav to expand sidebar
[2026-06-10T07:48:26.030Z] human wait sidebar_hover 1294ms
[2026-06-10T07:48:27.449Z] clicked create icon selector=svg[aria-label='新しい投稿']
[2026-06-10T07:48:27.450Z] human wait after_create_entry 3203ms
[2026-06-10T07:48:30.778Z] clicked link 投稿 投稿
[2026-06-10T07:48:30.788Z] human wait after_post_type_link 3551ms
[2026-06-10T07:48:34.370Z] human wait upload_media:before 4001ms
[2026-06-10T07:48:38.401Z] select button setInputFiles failed, fallback to filechooser: Error: locator.setInputFiles: Error: Node is not an HTMLInputElement
Call log:
  - waiting for getByRole('button', { name: 'コンピューターから選択' }).first()
    - locator resolved to <button type="button" class=" _aswp _aswr _aswu _asw_ _asx2">コンピューターから選択</button>

[2026-06-10T07:48:38.444Z] uploaded via filechooser count=1
[2026-06-10T07:48:38.444Z] human wait upload_media:after 4298ms
[2026-06-10T07:48:42.840Z] clicked 次へ (1)
[2026-06-10T07:48:42.841Z] human wait after_next_1 3451ms
[2026-06-10T07:48:46.466Z] clicked 次へ (2)
[2026-06-10T07:48:46.467Z] human wait after_next_2 4356ms
[2026-06-10T07:48:50.845Z] human wait fill_caption:before 4807ms
[2026-06-10T07:48:55.738Z] filled caption キャプションを入力…
[2026-06-10T07:48:55.738Z] human wait fill_caption:after 3814ms
[2026-06-10T07:48:59.567Z] human wait click_publish:before 3903ms
[2026-06-10T07:49:03.607Z] clicked シェア
[2026-06-10T07:49:03.607Z] human wait click_publish:after 3540ms
[2026-06-10T07:49:07.150Z] post-publish settle 10000ms after publish button click
[2026-06-10T07:49:27.650Z] clicked 完了
[2026-06-10T07:49:29.706Z] instagram post_url=https://www.instagram.com/ouennenn_0909/reel/DZZccSmtChp/
[2026-06-10T07:49:29.870Z] 登录态已保存: C:\Users\compu\.openclaw\publish-system\data\auth\instagram\default\state.json
[2026-06-10T07:49:30.241Z] 结果已保存: C:\Users\compu\.openclaw\publish-system\logs\task\daily-20260610-r02\instagram\default\result.json
