[2026-06-10T07:46:01.267Z] 开始发布 mode=post platform=facebook profile=default job=C:\Users\compu\.openclaw\publish-system\data\tasks\daily-20260610-r02\publish\publish_job_20260610_r02.json
[2026-06-10T07:46:18.834Z] open composer trigger=role_button index=0
[2026-06-10T07:46:18.852Z] human wait wait_composer_dialog 400ms
[2026-06-10T07:46:19.274Z] open composer dialog picked (has textbox)
[2026-06-10T07:46:19.275Z] human wait fill_post_text:before 4998ms
[2026-06-10T07:46:24.342Z] composer paragraph clicked
[2026-06-10T07:46:24.343Z] human wait composer_paragraph 531ms
[2026-06-10T07:46:24.966Z] human wait textbox_focus 333ms
[2026-06-10T07:46:25.398Z] human wait textbox_filled 761ms
[2026-06-10T07:46:26.182Z] composer text verified via role textbox probe="2026年の大学受験、電気工学、エネルギ"
[2026-06-10T07:46:26.185Z] human wait fill_post_text:after 4558ms
[2026-06-10T07:46:30.748Z] human wait upload_media:before 4260ms
[2026-06-10T07:46:35.032Z] found 写真・動画
[2026-06-10T07:46:35.045Z] 写真・動画 setInputFiles failed, fallback to filechooser: Error: locator.setInputFiles: Error: Node is not an HTMLInputElement
Call log:
  - waiting for locator('div[role=\'dialog\']').nth(1).getByRole('button', { name: '写真・動画' }).first()
    - locator resolved to <div tabindex="0" role="button" aria-label="写真・動画" class="x1i10hfl x1qjc9v5 xjqpnuy xc5r6h4 xqeqjp1 x1phubyo x1ypdohk xdl72j9 x2lah0s x3ct3a4 x2lwn1j xeuugli x1hl2dhg xggy1nq x1t137rt x1fmog5m xu25z0z x140muxe xo1y3bh x3nfvp2 x1q0g3np x87ps6o x1lku1pv x1a2a7pz xjyslct xjbqb8w x13fuv20 x18b5jzi x1q0q8m5 x1t7ytsu x972fbf x10w94by x1qhh985 x14e42zd x9f619 xdj266r x14z9mp xat24cr x1lziwak xexx8yu xyri2b x18d9i69 x1c1uobl x1n2onr6 x16tdsg8 x1ja2u2z">…</div>

[2026-06-10T07:46:35.139Z] uploaded via filechooser count=4
[2026-06-10T07:46:35.451Z] clicked media wizard next index=0
[2026-06-10T07:46:35.452Z] human wait after_media_next 941ms
[2026-06-10T07:46:36.404Z] human wait upload_media:after 4440ms
[2026-06-10T07:46:40.854Z] human wait set_privacy_public:before 3005ms
[2026-06-10T07:46:44.001Z] clicked 投稿の共有範囲
[2026-06-10T07:46:44.981Z] checked 公開 Facebook利用者以外を含むすべての人
[2026-06-10T07:46:45.077Z] clicked Facebook利用者以外を含むすべての人
[2026-06-10T07:46:45.178Z] clicked privacy dialog done
[2026-06-10T07:46:45.178Z] human wait after_privacy_done 463ms
[2026-06-10T07:46:45.655Z] human wait set_privacy_public:after 3765ms
[2026-06-10T07:46:49.561Z] human wait click_publish:before 3257ms
[2026-06-10T07:46:52.920Z] clicked post role index=0
[2026-06-10T07:46:52.921Z] human wait click_publish:after 4839ms
[2026-06-10T07:46:57.771Z] post-publish settle 10000ms after publish button click
[2026-06-10T07:47:13.774Z] facebook published post_url=https://www.facebook.com/permalink.php?story_fbid=pfbid0G1K8Zw67BnzDQ82aEHvG5HFvuADspsofEi5TekevbW2eEXj4PrJi51HGubYzUpbFl&id=100006666765488&__cft__[0]=AZZekwu8sW6BpN6k6eIhHMkfRDN54cKxV_7wfq2nVr5ndN6HsBcZoCOY3s4qf67_JoMLgGEtkHMQEHcQUe5aaur3-yBX-Z3RueQLJ17zzn4TBqY_MqJ1N36y_sisT9S855Tv2qZ2XZBv9Bi5ZZFPb2U2mV3JWeOrIb2BKm7tvlrLXj46jM3HlWsKRAQW-sOJzncemOdpyQTpI07iD_mG5WJv&__tn__=%2CO%2CP-R
[2026-06-10T07:47:13.912Z] 登录态已保存: C:\Users\compu\.openclaw\publish-system\data\auth\facebook\default\state.json
[2026-06-10T07:47:14.419Z] 结果已保存: C:\Users\compu\.openclaw\publish-system\logs\task\daily-20260610-r02\facebook\default\result.json
