[2026-06-10T04:23:49.350Z] 开始发布 mode=post platform=x profile=default job=C:\Users\compu\.openclaw\publish-system\data\tasks\daily-20260610-r01\publish\publish_job_20260610_r01.json
[2026-06-10T04:23:54.706Z] human wait scroll:down 1477ms
[2026-06-10T04:23:56.209Z] human wait scroll:up 1022ms
[2026-06-10T04:23:57.322Z] human wait open_composer:before 4601ms
[2026-06-10T04:24:02.180Z] clicked SideNav_NewTweet_Button
[2026-06-10T04:24:02.181Z] human wait open_composer:after 3245ms
[2026-06-10T04:24:05.431Z] human wait fill_post_text:before 3534ms
[2026-06-10T04:24:09.039Z] filled Post text len=200
[2026-06-10T04:24:09.039Z] human wait fill_post_text:after 4644ms
[2026-06-10T04:24:13.701Z] human wait upload_media:before 4728ms
[2026-06-10T04:24:18.481Z] setInputFiles count=4
[2026-06-10T04:24:18.481Z] human wait upload_media:after 3649ms
[2026-06-10T04:24:22.134Z] human wait upload_settle 4798ms
[2026-06-10T04:24:26.998Z] human wait click_publish:before 3527ms
[2026-06-10T04:24:30.591Z] clicked tweetButton
[2026-06-10T04:24:30.592Z] human wait click_publish:after 3544ms
[2026-06-10T04:24:34.148Z] post-publish settle 10000ms after publish button click
[2026-06-10T04:24:44.187Z] 打开个人主页校验: https://x.com/ouennenn123287
[2026-06-10T04:24:48.507Z] human wait scroll:down 1164ms
[2026-06-10T04:24:49.685Z] human wait scroll:up 1275ms
[2026-06-10T04:24:51.029Z] X 发布完成（校验=true） username=ouennenn123287 post_id=2064564343233282488 post_url=https://x.com/ouennenn123287/status/2064564343233282488
[2026-06-10T04:24:51.244Z] 登录态已保存: C:\Users\compu\.openclaw\publish-system\data\auth\x\default\state.json
[2026-06-10T04:24:51.641Z] 结果已保存: C:\Users\compu\.openclaw\publish-system\logs\task\daily-20260610-r01\x\default\result.json
