[2026-06-10T09:45:00.538Z] 开始发布 mode=post platform=x profile=default job=C:\Users\compu\.openclaw\publish-system\data\tasks\daily-20260610-r03\publish\publish_job_20260610_r03.json
[2026-06-10T09:45:05.513Z] human wait scroll:down 906ms
[2026-06-10T09:45:06.434Z] human wait scroll:up 1244ms
[2026-06-10T09:45:07.825Z] human wait open_composer:before 4220ms
[2026-06-10T09:45:12.267Z] clicked SideNav_NewTweet_Button
[2026-06-10T09:45:12.268Z] human wait open_composer:after 3559ms
[2026-06-10T09:45:15.837Z] human wait fill_post_text:before 4036ms
[2026-06-10T09:45:20.008Z] filled Post text len=200
[2026-06-10T09:45:20.008Z] human wait fill_post_text:after 4305ms
[2026-06-10T09:45:24.317Z] human wait upload_media:before 4867ms
[2026-06-10T09:45:29.248Z] setInputFiles count=4
[2026-06-10T09:45:29.249Z] human wait upload_media:after 3090ms
[2026-06-10T09:45:32.345Z] human wait upload_settle 5553ms
[2026-06-10T09:45:37.942Z] human wait click_publish:before 4662ms
[2026-06-10T09:45:42.688Z] clicked tweetButton
[2026-06-10T09:45:42.689Z] human wait click_publish:after 3227ms
[2026-06-10T09:45:45.930Z] post-publish settle 10000ms after publish button click
[2026-06-10T09:45:55.977Z] 打开个人主页校验: https://x.com/ouennenn123287
[2026-06-10T09:45:59.933Z] human wait scroll:down 974ms
[2026-06-10T09:46:00.926Z] human wait scroll:up 963ms
[2026-06-10T09:46:01.981Z] X 发布完成（校验=true） username=ouennenn123287 post_id=2064645176065474604 post_url=https://x.com/ouennenn123287/status/2064645176065474604
[2026-06-10T09:46:02.217Z] 登录态已保存: C:\Users\compu\.openclaw\publish-system\data\auth\x\default\state.json
[2026-06-10T09:46:02.550Z] 结果已保存: C:\Users\compu\.openclaw\publish-system\logs\task\daily-20260610-r03\x\default\result.json
