[2026-06-12T00:04:39.176Z] 开始发布 mode=post platform=facebook profile=default job=C:\Users\compu\.openclaw\publish-system\data\tasks\daily-20260611-r02\publish\publish_job_20260612_r02.json
[2026-06-12T00:04:57.610Z] open composer trigger=role_button index=0
[2026-06-12T00:04:57.626Z] human wait wait_composer_dialog 419ms
[2026-06-12T00:04:58.072Z] human wait wait_composer_dialog 233ms
[2026-06-12T00:04:58.374Z] open composer dialog picked (has textbox)
[2026-06-12T00:04:58.375Z] human wait fill_post_text:before 4481ms
[2026-06-12T00:05:02.878Z] composer paragraph clicked
[2026-06-12T00:05:02.879Z] human wait composer_paragraph 523ms
[2026-06-12T00:05:04.565Z] human wait textbox_focus 244ms
[2026-06-12T00:05:04.916Z] human wait textbox_filled 528ms
[2026-06-12T00:05:05.452Z] composer text verified via role textbox probe="自律型AIエージェントは、Fedoraな"
[2026-06-12T00:05:05.453Z] human wait fill_post_text:after 4186ms
[2026-06-12T00:05:09.651Z] human wait upload_media:before 4113ms
[2026-06-12T00:05:13.794Z] found 写真・動画
[2026-06-12T00:05:13.823Z] 写真・動画 setInputFiles failed, fallback to filechooser: Error: locator.setInputFiles: Error: Node is not an HTMLInputElement
Call log:
[2m  - waiting for locator('div[role=\'dialog\']').nth(1).getByRole('button', { name: '写真・動画' }).first()[22m
[2m    - locator resolved to <div tabindex="0" role="button" aria-label="写真・動画" class="x1i10hfl x1qjc9v5 xjqpnuy xc5r6h4 xqeqjp1 x1phubyo x1ypdohk xdl72j9 x2lah0s x3ct3a4 x2lwn1j xeuugli x1hl2dhg xggy1nq x1t137rt x1fmog5m xu25z0z x140muxe xo1y3bh x3nfvp2 x1q0g3np x87ps6o x1lku1pv x1a2a7pz xjyslct xjbqb8w x13fuv20 x18b5jzi x1q0q8m5 x1t7ytsu x972fbf x10w94by x1qhh985 x14e42zd x9f619 xdj266r x14z9mp xat24cr x1lziwak xexx8yu xyri2b x18d9i69 x1c1uobl x1n2onr6 x16tdsg8 x1ja2u2z">…</div>[22m

[2026-06-12T00:05:13.872Z] uploaded via filechooser count=4
[2026-06-12T00:05:17.649Z] clicked media wizard next index=0
[2026-06-12T00:05:17.650Z] human wait after_media_next 673ms
[2026-06-12T00:05:18.337Z] human wait upload_media:after 4189ms
[2026-06-12T00:05:22.527Z] human wait set_privacy_public:before 4432ms
[2026-06-12T00:05:28.281Z] clicked 投稿の共有範囲
[2026-06-12T00:05:33.350Z] checked 公開 Facebook利用者以外を含むすべての人
[2026-06-12T00:05:35.312Z] clicked Facebook利用者以外を含むすべての人
[2026-06-12T00:05:37.358Z] clicked privacy dialog done
[2026-06-12T00:05:37.359Z] human wait after_privacy_done 881ms
[2026-06-12T00:05:38.242Z] human wait set_privacy_public:after 3310ms
[2026-06-12T00:05:43.345Z] human wait click_publish:before 3407ms
[2026-06-12T00:05:46.817Z] clicked post role index=0
[2026-06-12T00:05:46.818Z] human wait click_publish:after 4060ms
[2026-06-12T00:05:50.889Z] post-publish settle 10000ms after publish button click
[2026-06-12T00:06:08.938Z] facebook published post_url=https://www.facebook.com/permalink.php?story_fbid=pfbid0vrobFyCNaVGDvzHUuQDMk1ZKEB16WdQ2wM4Qqa7TjWRE9DXRoRZtoFBGCzt4PVrl&id=100006666765488&__cft__[0]=AZaVgyl9Ymcid940EFIBkGkukH2bOO-PaCQaou45qHuceUWw96G7-KGTyItK2kJdBNL7VfBIAGML7IwYIlAwHLsjvbS-xbXqMjV7Ul90ueAab1RTjlbAaa8Yr9r7woh8b95akgUT7SyVvkJJz4BzdDPpgkn8ZhMfzTuwC4PiNAl7SDczjOEG2FRLlZxQ4gXDn9CmhL0k6L5WwwwXW8-Nr0tK&__tn__=%2CO%2CP-R
[2026-06-12T00:06:09.119Z] 登录态已保存: C:\Users\compu\.openclaw\publish-system\data\auth\facebook\default\state.json
[2026-06-12T00:06:09.565Z] 结果已保存: C:\Users\compu\.openclaw\publish-system\logs\task\daily-20260611-r02\facebook\default\result.json
