[2026-06-11T03:07:17.115Z] 开始发布 mode=post platform=x profile=default job=C:\Users\compu\.openclaw\publish-system\data\tasks\daily-20260611-r01\publish\publish_job_20260611_r01.json
[2026-06-11T03:07:21.778Z] human wait scroll:down 1274ms
[2026-06-11T03:07:23.059Z] human wait scroll:up 1480ms
[2026-06-11T03:07:24.623Z] human wait open_composer:before 4786ms
[2026-06-11T03:07:29.653Z] clicked SideNav_NewTweet_Button
[2026-06-11T03:07:29.654Z] human wait open_composer:after 4254ms
[2026-06-11T03:07:33.925Z] human wait fill_post_text:before 4136ms
[2026-06-11T03:07:38.145Z] filled Post text len=200
[2026-06-11T03:07:38.146Z] human wait fill_post_text:after 4681ms
[2026-06-11T03:07:42.845Z] human wait upload_media:before 3583ms
[2026-06-11T03:07:46.477Z] setInputFiles count=4
[2026-06-11T03:07:46.478Z] human wait upload_media:after 3843ms
[2026-06-11T03:07:50.329Z] human wait upload_settle 5415ms
[2026-06-11T03:07:55.795Z] human wait click_publish:before 4511ms
[2026-06-11T03:08:00.374Z] clicked tweetButton
[2026-06-11T03:08:00.375Z] human wait click_publish:after 3931ms
[2026-06-11T03:08:04.318Z] post-publish settle 10000ms after publish button click
[2026-06-11T03:08:14.355Z] 打开个人主页校验: https://x.com/ouennenn123287
[2026-06-11T03:08:18.062Z] human wait scroll:down 855ms
[2026-06-11T03:08:18.930Z] human wait scroll:up 1069ms
[2026-06-11T03:08:20.090Z] X 发布完成（校验=true） username=ouennenn123287 post_id=2064907479990042864 post_url=https://x.com/ouennenn123287/status/2064907479990042864
[2026-06-11T03:08:20.352Z] 登录态已保存: C:\Users\compu\.openclaw\publish-system\data\auth\x\default\state.json
[2026-06-11T03:08:20.680Z] 结果已保存: C:\Users\compu\.openclaw\publish-system\logs\task\daily-20260611-r01\x\default\result.json
