[2026-06-10T09:46:02.552Z] 开始发布 mode=video platform=instagram profile=default job=C:\Users\compu\.openclaw\publish-system\data\tasks\daily-20260610-r03\publish\publish_job_20260610_r03.json
[2026-06-10T09:46:08.000Z] hovered nav to expand sidebar
[2026-06-10T09:46:08.001Z] human wait sidebar_hover 971ms
[2026-06-10T09:46:09.039Z] hovered nav to expand sidebar
[2026-06-10T09:46:09.040Z] human wait sidebar_hover 889ms
[2026-06-10T09:46:09.933Z] human wait before_create_entry 4801ms
[2026-06-10T09:46:14.781Z] hovered nav to expand sidebar
[2026-06-10T09:46:14.781Z] human wait sidebar_hover 831ms
[2026-06-10T09:46:15.801Z] clicked create icon selector=svg[aria-label='新しい投稿']
[2026-06-10T09:46:15.802Z] human wait after_create_entry 3404ms
[2026-06-10T09:46:19.432Z] clicked link 投稿 投稿
[2026-06-10T09:46:19.433Z] human wait after_post_type_link 3909ms
[2026-06-10T09:46:23.376Z] human wait upload_media:before 4454ms
[2026-06-10T09:46:27.883Z] select button setInputFiles failed, fallback to filechooser: Error: locator.setInputFiles: Error: Node is not an HTMLInputElement
Call log:
[2m  - waiting for getByRole('button', { name: 'コンピューターから選択' }).first()[22m
[2m    - locator resolved to <button type="button" class=" _aswp _aswr _aswu _asw_ _asx2">コンピューターから選択</button>[22m

[2026-06-10T09:46:27.935Z] uploaded via filechooser count=1
[2026-06-10T09:46:27.935Z] human wait upload_media:after 4749ms
[2026-06-10T09:46:32.842Z] clicked 次へ (1)
[2026-06-10T09:46:32.842Z] human wait after_next_1 4852ms
[2026-06-10T09:46:37.812Z] clicked 次へ (2)
[2026-06-10T09:46:37.813Z] human wait after_next_2 3171ms
[2026-06-10T09:46:41.011Z] human wait fill_caption:before 3335ms
[2026-06-10T09:46:44.480Z] filled caption キャプションを入力…
[2026-06-10T09:46:44.481Z] human wait fill_caption:after 4013ms
[2026-06-10T09:46:48.532Z] human wait click_publish:before 3359ms
[2026-06-10T09:46:52.032Z] clicked シェア
[2026-06-10T09:46:52.033Z] human wait click_publish:after 4303ms
[2026-06-10T09:46:56.346Z] post-publish settle 10000ms after publish button click
[2026-06-10T09:47:16.741Z] clicked 完了
[2026-06-10T09:47:18.842Z] instagram post_url=https://www.instagram.com/ouennenn_0909/reel/DZZp7InNGKW/
[2026-06-10T09:47:18.973Z] 登录态已保存: C:\Users\compu\.openclaw\publish-system\data\auth\instagram\default\state.json
[2026-06-10T09:47:19.330Z] 结果已保存: C:\Users\compu\.openclaw\publish-system\logs\task\daily-20260610-r03\instagram\default\result.json
