[2026-06-12T00:03:28.980Z] 开始发布 mode=post platform=facebook profile=default job=C:\Users\compu\.openclaw\publish-system\data\tasks\daily-20260611-r03\publish\publish_job_20260612_r03.json
[2026-06-12T00:03:45.533Z] open composer trigger=role_button index=0
[2026-06-12T00:03:45.550Z] human wait wait_composer_dialog 205ms
[2026-06-12T00:03:45.775Z] human wait wait_composer_dialog 424ms
[2026-06-12T00:03:46.217Z] open composer dialog picked (has textbox)
[2026-06-12T00:03:46.218Z] human wait fill_post_text:before 3976ms
[2026-06-12T00:03:50.221Z] composer paragraph clicked
[2026-06-12T00:03:50.222Z] human wait composer_paragraph 668ms
[2026-06-12T00:03:51.020Z] human wait textbox_focus 225ms
[2026-06-12T00:03:51.348Z] human wait textbox_filled 548ms
[2026-06-12T00:03:51.910Z] composer text verified via role textbox probe="AI技術の急速な発展により、IT業界は大"
[2026-06-12T00:03:51.910Z] human wait fill_post_text:after 4305ms
[2026-06-12T00:03:56.224Z] human wait upload_media:before 4552ms
[2026-06-12T00:04:00.803Z] found 写真・動画
[2026-06-12T00:04:00.849Z] 写真・動画 setInputFiles failed, fallback to filechooser: Error: locator.setInputFiles: Error: Node is not an HTMLInputElement
Call log:
[2m  - waiting for locator('div[role=\'dialog\']').nth(1).getByRole('button', { name: '写真・動画' }).first()[22m
[2m    - locator resolved to <div tabindex="0" role="button" aria-label="写真・動画" class="x1i10hfl x1qjc9v5 xjqpnuy xc5r6h4 xqeqjp1 x1phubyo x1ypdohk xdl72j9 x2lah0s x3ct3a4 x2lwn1j xeuugli x1hl2dhg xggy1nq x1t137rt x1fmog5m xu25z0z x140muxe xo1y3bh x3nfvp2 x1q0g3np x87ps6o x1lku1pv x1a2a7pz xjyslct xjbqb8w x13fuv20 x18b5jzi x1q0q8m5 x1t7ytsu x972fbf x10w94by x1qhh985 x14e42zd x9f619 xdj266r x14z9mp xat24cr x1lziwak xexx8yu xyri2b x18d9i69 x1c1uobl x1n2onr6 x16tdsg8 x1ja2u2z">…</div>[22m

[2026-06-12T00:04:00.902Z] uploaded via filechooser count=4
[2026-06-12T00:04:01.245Z] clicked media wizard next index=0
[2026-06-12T00:04:01.246Z] human wait after_media_next 1165ms
[2026-06-12T00:04:02.415Z] human wait upload_media:after 4538ms
[2026-06-12T00:04:06.972Z] human wait set_privacy_public:before 4885ms
[2026-06-12T00:04:11.972Z] clicked 投稿の共有範囲
[2026-06-12T00:04:12.925Z] checked 公開 Facebook利用者以外を含むすべての人
[2026-06-12T00:04:12.972Z] clicked Facebook利用者以外を含むすべての人
[2026-06-12T00:04:13.062Z] clicked privacy dialog done
[2026-06-12T00:04:13.062Z] human wait after_privacy_done 539ms
[2026-06-12T00:04:13.605Z] human wait set_privacy_public:after 4411ms
[2026-06-12T00:04:18.132Z] human wait click_publish:before 3722ms
[2026-06-12T00:04:21.951Z] clicked post role index=0
[2026-06-12T00:04:21.952Z] human wait click_publish:after 3746ms
[2026-06-12T00:04:25.705Z] post-publish settle 10000ms after publish button click
[2026-06-12T00:04:42.411Z] facebook published post_url=https://www.facebook.com/permalink.php?story_fbid=pfbid0SgeNky7KVQ4gJc1XTEkZ8KXk7qJqJFiTTDyRqkqHU1awxUjAsPAqydYGKvigWLbnl&id=100006666765488&__cft__[0]=AZawlz4rm-3_Z1wuJOT-6RquRoOIuMdAiWXL2N_Vl3wtKVQaMem4_cpmYRo4URrAfQyylggYaBQewq9kvuV-jmPyOo_KXJ-DyzPUo-63EZGm36nZCSEVZjeNHCsOellhE1jQ4RQiOWAbIQt6U9QeISKUrLTEKnd07mhQW-exZSH_6YmGuhS54CGNCw-IHoZdDydVpiC_ChZbRm08vcJoM0YY&__tn__=%2CO%2CP-R
[2026-06-12T00:04:42.545Z] 登录态已保存: C:\Users\compu\.openclaw\publish-system\data\auth\facebook\default\state.json
[2026-06-12T00:04:43.038Z] 结果已保存: C:\Users\compu\.openclaw\publish-system\logs\task\daily-20260611-r03\facebook\default\result.json
