[2026-06-12T00:05:50.463Z] 开始发布 mode=post platform=instagram profile=default job=C:\Users\compu\.openclaw\publish-system\data\tasks\daily-20260611-r03\publish\publish_job_20260612_r03.json
[2026-06-12T00:05:55.827Z] hovered nav to expand sidebar
[2026-06-12T00:05:55.828Z] human wait sidebar_hover 1100ms
[2026-06-12T00:05:57.005Z] hovered nav to expand sidebar
[2026-06-12T00:05:57.007Z] human wait sidebar_hover 1105ms
[2026-06-12T00:05:58.121Z] human wait before_create_entry 3008ms
[2026-06-12T00:06:01.207Z] hovered nav to expand sidebar
[2026-06-12T00:06:01.207Z] human wait sidebar_hover 1126ms
[2026-06-12T00:06:02.462Z] clicked create icon selector=svg[aria-label='新しい投稿']
[2026-06-12T00:06:02.463Z] human wait after_create_entry 4252ms
[2026-06-12T00:06:06.828Z] clicked link 投稿 投稿
[2026-06-12T00:06:06.829Z] human wait after_post_type_link 4711ms
[2026-06-12T00:06:11.555Z] human wait upload_media:before 4028ms
[2026-06-12T00:06:15.594Z] select button setInputFiles failed, fallback to filechooser: Error: locator.setInputFiles: Error: Node is not an HTMLInputElement
Call log:
[2m  - waiting for getByRole('button', { name: 'コンピューターから選択' }).first()[22m
[2m    - locator resolved to <button type="button" class=" _aswp _aswr _aswu _asw_ _asx2">コンピューターから選択</button>[22m

[2026-06-12T00:06:15.618Z] uploaded via filechooser count=1
[2026-06-12T00:06:15.619Z] human wait upload_media:after 3609ms
[2026-06-12T00:06:19.420Z] clicked 次へ (1)
[2026-06-12T00:06:19.421Z] human wait after_next_1 4433ms
[2026-06-12T00:06:23.946Z] clicked 次へ (2)
[2026-06-12T00:06:23.947Z] human wait after_next_2 4240ms
[2026-06-12T00:06:28.209Z] human wait fill_caption:before 4499ms
[2026-06-12T00:06:32.771Z] filled caption キャプションを入力…
[2026-06-12T00:06:32.771Z] human wait fill_caption:after 3395ms
[2026-06-12T00:06:36.177Z] human wait click_publish:before 3540ms
[2026-06-12T00:06:39.782Z] clicked シェア
[2026-06-12T00:06:39.783Z] human wait click_publish:after 3535ms
[2026-06-12T00:06:43.323Z] post-publish settle 10000ms after publish button click
[2026-06-12T00:06:53.794Z] clicked 完了
[2026-06-12T00:06:55.829Z] instagram post_url=https://www.instagram.com/ouennenn_0909/p/DZdxHXVD1OP/
[2026-06-12T00:06:55.975Z] 登录态已保存: C:\Users\compu\.openclaw\publish-system\data\auth\instagram\default\state.json
[2026-06-12T00:06:56.301Z] 结果已保存: C:\Users\compu\.openclaw\publish-system\logs\task\daily-20260611-r03\instagram\default\result.json
