2026-06-16T09:00:03.0957331+09:00 START daily-create-task task_id=daily-20260616-r01
2026-06-16T09:00:03.5057110+09:00 
2026-06-16T09:00:03.5057110+09:00 > orchestrator
2026-06-16T09:00:03.5130351+09:00 > tsx src/cli/orchestrator.ts create-task --task-id daily-20260616-r01 --run-id r01 --trigger daily_cron
2026-06-16T09:00:03.5150419+09:00 
2026-06-16T09:00:04.9482186+09:00 {
2026-06-16T09:00:04.9482186+09:00   "taskId": "daily-20260616-r01",
2026-06-16T09:00:04.9532393+09:00   "runId": "r01",
2026-06-16T09:00:04.9583346+09:00   "taskPath": "C:\\Users\\compu\\.openclaw\\publish-system\\data\\tasks\\daily-20260616-r01\\task.json",
2026-06-16T09:00:04.9603441+09:00   "event": {
2026-06-16T09:00:04.9644962+09:00     "event_id": "evt_9e9f20fc-999f-4bcb-b395-ed4917715644",
2026-06-16T09:00:04.9835821+09:00     "event_type": "TASK_UPDATED",
2026-06-16T09:00:04.9887201+09:00     "task_id": "daily-20260616-r01",
2026-06-16T09:00:04.9937377+09:00     "run_id": "r01",
2026-06-16T09:00:04.9977509+09:00     "revision": 1,
2026-06-16T09:00:04.9987570+09:00     "payload_json": "{\"changed_by\":\"orchestrator\",\"changed_fields\":[\"steps.collect\",\"status\"],\"reason\":\"collect_started\",\"data\":{\"trigger\":\"daily_cron\"}}",
2026-06-16T09:00:05.0041233+09:00     "status": "pending",
2026-06-16T09:00:05.0041233+09:00     "retry_count": 0,
2026-06-16T09:00:05.0094056+09:00     "next_retry_at": "2026-06-16T09:00:04+09:00",
2026-06-16T09:00:05.0094056+09:00     "locked_at": null,
2026-06-16T09:00:05.0145179+09:00     "locked_by": null,
2026-06-16T09:00:05.0145179+09:00     "created_at": "2026-06-16T09:00:04+09:00",
2026-06-16T09:00:05.0195399+09:00     "processed_at": null
2026-06-16T09:00:05.0195399+09:00   }
2026-06-16T09:00:05.0246507+09:00 }
2026-06-16T09:00:05.0405031+09:00 OK created daily-20260616-r01
