2026-06-12T09:00:03.2915481+09:00 START daily-create-task task_id=daily-20260612-r01
2026-06-12T09:00:03.7267165+09:00 
2026-06-12T09:00:03.7303968+09:00 > orchestrator
2026-06-12T09:00:03.7321437+09:00 > tsx src/cli/orchestrator.ts create-task --task-id daily-20260612-r01 --run-id r01 --trigger daily_cron
2026-06-12T09:00:03.7341674+09:00 
2026-06-12T09:00:05.2149629+09:00 {
2026-06-12T09:00:05.2149629+09:00   "taskId": "daily-20260612-r01",
2026-06-12T09:00:05.2207159+09:00   "runId": "r01",
2026-06-12T09:00:05.2224436+09:00   "taskPath": "C:\\Users\\compu\\.openclaw\\publish-system\\data\\tasks\\daily-20260612-r01\\task.json",
2026-06-12T09:00:05.2291996+09:00   "event": {
2026-06-12T09:00:05.2327146+09:00     "event_id": "evt_7838f4b6-13c2-40e9-8511-443f1e9de865",
2026-06-12T09:00:05.2540854+09:00     "event_type": "TASK_UPDATED",
2026-06-12T09:00:05.2570870+09:00     "task_id": "daily-20260612-r01",
2026-06-12T09:00:05.2590841+09:00     "run_id": "r01",
2026-06-12T09:00:05.2600830+09:00     "revision": 1,
2026-06-12T09:00:05.2600830+09:00     "payload_json": "{\"changed_by\":\"orchestrator\",\"changed_fields\":[\"steps.collect\",\"status\"],\"reason\":\"collect_started\",\"data\":{\"trigger\":\"daily_cron\"}}",
2026-06-12T09:00:05.2651133+09:00     "status": "pending",
2026-06-12T09:00:05.2651133+09:00     "retry_count": 0,
2026-06-12T09:00:05.2704797+09:00     "next_retry_at": "2026-06-12T09:00:04+09:00",
2026-06-12T09:00:05.2725486+09:00     "locked_at": null,
2026-06-12T09:00:05.2755479+09:00     "locked_by": null,
2026-06-12T09:00:05.2769571+09:00     "created_at": "2026-06-12T09:00:04+09:00",
2026-06-12T09:00:05.2790325+09:00     "processed_at": null
2026-06-12T09:00:05.2810334+09:00   }
2026-06-12T09:00:05.2830349+09:00 }
2026-06-12T09:00:05.3073718+09:00 OK created daily-20260612-r01
