2026-06-11T09:00:04.4296063+09:00 START daily-create-task task_id=daily-20260611-r01
2026-06-11T09:00:04.8431686+09:00 
2026-06-11T09:00:04.8448265+09:00 > orchestrator
2026-06-11T09:00:04.8474619+09:00 > tsx src/cli/orchestrator.ts create-task --task-id daily-20260611-r01 --run-id r01 --trigger daily_cron
2026-06-11T09:00:04.8491605+09:00 
2026-06-11T09:00:06.2981647+09:00 {
2026-06-11T09:00:06.3011910+09:00   "taskId": "daily-20260611-r01",
2026-06-11T09:00:06.3047451+09:00   "runId": "r01",
2026-06-11T09:00:06.3082517+09:00   "taskPath": "C:\\Users\\compu\\.openclaw\\publish-system\\data\\tasks\\daily-20260611-r01\\task.json",
2026-06-11T09:00:06.3127802+09:00   "event": {
2026-06-11T09:00:06.3348616+09:00     "event_id": "evt_ae77e692-efc5-435c-be04-b330373c15f2",
2026-06-11T09:00:06.3378922+09:00     "event_type": "TASK_UPDATED",
2026-06-11T09:00:06.3401334+09:00     "task_id": "daily-20260611-r01",
2026-06-11T09:00:06.3411663+09:00     "run_id": "r01",
2026-06-11T09:00:06.3436810+09:00     "revision": 1,
2026-06-11T09:00:06.3456802+09:00     "payload_json": "{\"changed_by\":\"orchestrator\",\"changed_fields\":[\"steps.collect\",\"status\"],\"reason\":\"collect_started\",\"data\":{\"trigger\":\"daily_cron\"}}",
2026-06-11T09:00:06.3476818+09:00     "status": "pending",
2026-06-11T09:00:06.3498003+09:00     "retry_count": 0,
2026-06-11T09:00:06.3508008+09:00     "next_retry_at": "2026-06-11T09:00:05+09:00",
2026-06-11T09:00:06.3528028+09:00     "locked_at": null,
2026-06-11T09:00:06.3548118+09:00     "locked_by": null,
2026-06-11T09:00:06.3568097+09:00     "created_at": "2026-06-11T09:00:05+09:00",
2026-06-11T09:00:06.3588677+09:00     "processed_at": null
2026-06-11T09:00:06.3598738+09:00   }
2026-06-11T09:00:06.3628736+09:00 }
2026-06-11T09:00:06.3814131+09:00 OK created daily-20260611-r01
