2026-06-15T08:48:24.1809642+09:00 START daily-create-task task_id=daily-20260615-r01
2026-06-15T08:48:25.0463245+09:00 
2026-06-15T08:48:25.0483305+09:00 > orchestrator
2026-06-15T08:48:25.0521237+09:00 > tsx src/cli/orchestrator.ts create-task --task-id daily-20260615-r01 --run-id r01 --trigger daily_cron
2026-06-15T08:48:25.0538203+09:00 
2026-06-15T08:48:26.8353033+09:00 {
2026-06-15T08:48:26.8463285+09:00   "taskId": "daily-20260615-r01",
2026-06-15T08:48:26.8474710+09:00   "runId": "r01",
2026-06-15T08:48:26.8510915+09:00   "taskPath": "C:\\Users\\compu\\.openclaw\\publish-system\\data\\tasks\\daily-20260615-r01\\task.json",
2026-06-15T08:48:26.8548880+09:00   "event": {
2026-06-15T08:48:26.8574041+09:00     "event_id": "evt_c32637e5-d090-4d7a-8e71-08c3a6d79373",
2026-06-15T08:48:26.8599195+09:00     "event_type": "TASK_UPDATED",
2026-06-15T08:48:26.8830348+09:00     "task_id": "daily-20260615-r01",
2026-06-15T08:48:26.8830348+09:00     "run_id": "r01",
2026-06-15T08:48:26.8830348+09:00     "revision": 1,
2026-06-15T08:48:26.8924085+09:00     "payload_json": "{\"changed_by\":\"orchestrator\",\"changed_fields\":[\"steps.collect\",\"status\"],\"reason\":\"collect_started\",\"data\":{\"trigger\":\"daily_cron\"}}",
2026-06-15T08:48:26.8941971+09:00     "status": "pending",
2026-06-15T08:48:26.8941971+09:00     "retry_count": 0,
2026-06-15T08:48:26.8989550+09:00     "next_retry_at": "2026-06-15T08:48:26+09:00",
2026-06-15T08:48:26.8989550+09:00     "locked_at": null,
2026-06-15T08:48:26.8989550+09:00     "locked_by": null,
2026-06-15T08:48:26.8989550+09:00     "created_at": "2026-06-15T08:48:26+09:00",
2026-06-15T08:48:26.8989550+09:00     "processed_at": null
2026-06-15T08:48:26.9108785+09:00   }
2026-06-15T08:48:26.9128865+09:00 }
2026-06-15T08:48:26.9227295+09:00 OK created daily-20260615-r01
2026-06-15T09:00:02.6093918+09:00 SKIP task already exists: daily-20260615-r01
