2026-06-10T03:28:37.016Z [info] [Step5 research daily-20260610-r01/custom_2b87628a54c46a85] [-] run_agent start {"timeout_ms":600000,"idempotency_key":"step5-research-daily-20260610-r01-r01-custom_2b87628a54c46a85-1781062117015"}
2026-06-10T03:28:37.017Z [info] [Step5 research daily-20260610-r01/custom_2b87628a54c46a85] [-] rpc agent begin {"timeout_ms":600000}
2026-06-10T03:28:37.103Z [info] [Step5 research daily-20260610-r01/custom_2b87628a54c46a85] [-] rpc agent ok {"duration_ms":86}
2026-06-10T03:28:37.103Z [info] [Step5 research daily-20260610-r01/custom_2b87628a54c46a85] [-] rpc agent.wait begin {"timeout_ms":600000}
2026-06-10T03:28:46.041Z [info] [Step5 research daily-20260610-r01/custom_2b87628a54c46a85] [-] rpc agent.wait ok {"duration_ms":8938}
2026-06-10T03:28:46.042Z [info] [Step5 research daily-20260610-r01/custom_2b87628a54c46a85] [-] rpc chat.history begin {"timeout_ms":600000}
2026-06-10T03:28:46.083Z [info] [Step5 research daily-20260610-r01/custom_2b87628a54c46a85] [-] rpc chat.history ok {"duration_ms":41}
2026-06-10T03:28:46.084Z [info] [Step5 research daily-20260610-r01/custom_2b87628a54c46a85] [-] run_agent done {"duration_ms":9068,"gateway_run_id":"step5-research-daily-20260610-r01-r01-custom_2b87628a54c46a85-1781062117015","content_chars":1233}
2026-06-10T03:28:46.431Z [info] [Step6 copy daily-20260610-r01/custom_2b87628a54c46a85 attempt=1] [-] run_agent start {"timeout_ms":600000,"idempotency_key":"step6-copy-daily-20260610-r01-r01-custom_2b87628a54c46a85-1781062126430-1"}
2026-06-10T03:28:46.431Z [info] [Step6 copy daily-20260610-r01/custom_2b87628a54c46a85 attempt=1] [-] rpc agent begin {"timeout_ms":600000}
2026-06-10T03:28:46.475Z [info] [Step6 copy daily-20260610-r01/custom_2b87628a54c46a85 attempt=1] [-] rpc agent ok {"duration_ms":44}
2026-06-10T03:28:46.476Z [info] [Step6 copy daily-20260610-r01/custom_2b87628a54c46a85 attempt=1] [-] rpc agent.wait begin {"timeout_ms":600000}
2026-06-10T03:29:06.193Z [info] [Step6 copy daily-20260610-r01/custom_2b87628a54c46a85 attempt=1] [-] rpc agent.wait ok {"duration_ms":19717}
2026-06-10T03:29:06.194Z [info] [Step6 copy daily-20260610-r01/custom_2b87628a54c46a85 attempt=1] [-] rpc chat.history begin {"timeout_ms":600000}
2026-06-10T03:29:06.230Z [info] [Step6 copy daily-20260610-r01/custom_2b87628a54c46a85 attempt=1] [-] rpc chat.history ok {"duration_ms":36}
2026-06-10T03:29:06.231Z [info] [Step6 copy daily-20260610-r01/custom_2b87628a54c46a85 attempt=1] [-] run_agent done {"duration_ms":19799,"gateway_run_id":"step6-copy-daily-20260610-r01-r01-custom_2b87628a54c46a85-1781062126430-1","content_chars":5588}
2026-06-10T03:29:06.233Z [info] [Step6 copy daily-20260610-r01/custom_2b87628a54c46a85 attempt=2] [-] run_agent start {"timeout_ms":600000,"idempotency_key":"step6-copy-daily-20260610-r01-r01-custom_2b87628a54c46a85-1781062146232-2"}
2026-06-10T03:29:06.233Z [info] [Step6 copy daily-20260610-r01/custom_2b87628a54c46a85 attempt=2] [-] rpc agent begin {"timeout_ms":600000}
2026-06-10T03:29:06.306Z [info] [Step6 copy daily-20260610-r01/custom_2b87628a54c46a85 attempt=2] [-] rpc agent ok {"duration_ms":73}
2026-06-10T03:29:06.306Z [info] [Step6 copy daily-20260610-r01/custom_2b87628a54c46a85 attempt=2] [-] rpc agent.wait begin {"timeout_ms":600000}
2026-06-10T03:29:30.248Z [info] [Step6 copy daily-20260610-r01/custom_2b87628a54c46a85 attempt=2] [-] rpc agent.wait ok {"duration_ms":23942}
2026-06-10T03:29:30.249Z [info] [Step6 copy daily-20260610-r01/custom_2b87628a54c46a85 attempt=2] [-] rpc chat.history begin {"timeout_ms":600000}
2026-06-10T03:29:30.516Z [info] [Step6 copy daily-20260610-r01/custom_2b87628a54c46a85 attempt=2] [-] rpc chat.history ok {"duration_ms":267}
2026-06-10T03:29:30.517Z [info] [Step6 copy daily-20260610-r01/custom_2b87628a54c46a85 attempt=2] [-] run_agent done {"duration_ms":24285,"gateway_run_id":"step6-copy-daily-20260610-r01-r01-custom_2b87628a54c46a85-1781062146232-2","content_chars":11630}
2026-06-10T03:29:30.518Z [info] [Step6 copy daily-20260610-r01/custom_2b87628a54c46a85 attempt=3] [-] run_agent start {"timeout_ms":600000,"idempotency_key":"step6-copy-daily-20260610-r01-r01-custom_2b87628a54c46a85-1781062170518-3"}
2026-06-10T03:29:30.519Z [info] [Step6 copy daily-20260610-r01/custom_2b87628a54c46a85 attempt=3] [-] rpc agent begin {"timeout_ms":600000}
2026-06-10T03:29:30.594Z [info] [Step6 copy daily-20260610-r01/custom_2b87628a54c46a85 attempt=3] [-] rpc agent ok {"duration_ms":75}
2026-06-10T03:29:30.594Z [info] [Step6 copy daily-20260610-r01/custom_2b87628a54c46a85 attempt=3] [-] rpc agent.wait begin {"timeout_ms":600000}
2026-06-10T03:29:42.885Z [info] [Step6 copy daily-20260610-r01/custom_2b87628a54c46a85 attempt=3] [-] rpc agent.wait ok {"duration_ms":12291}
2026-06-10T03:29:42.886Z [info] [Step6 copy daily-20260610-r01/custom_2b87628a54c46a85 attempt=3] [-] rpc chat.history begin {"timeout_ms":600000}
2026-06-10T03:29:42.969Z [info] [Step6 copy daily-20260610-r01/custom_2b87628a54c46a85 attempt=3] [-] rpc chat.history ok {"duration_ms":83}
2026-06-10T03:29:42.970Z [info] [Step6 copy daily-20260610-r01/custom_2b87628a54c46a85 attempt=3] [-] run_agent done {"duration_ms":12452,"gateway_run_id":"step6-copy-daily-20260610-r01-r01-custom_2b87628a54c46a85-1781062170518-3","content_chars":7086}
2026-06-10T06:48:42.241Z [info] [Step5 research daily-20260610-r02/d6662a90308bea7d] [-] run_agent start {"timeout_ms":600000,"idempotency_key":"step5-research-daily-20260610-r02-r02-d6662a90308bea7d-1781074122241"}
2026-06-10T06:48:42.242Z [info] [Step5 research daily-20260610-r02/d6662a90308bea7d] [-] rpc agent begin {"timeout_ms":600000}
2026-06-10T06:48:42.343Z [info] [Step5 research daily-20260610-r02/d6662a90308bea7d] [-] rpc agent ok {"duration_ms":101}
2026-06-10T06:48:42.344Z [info] [Step5 research daily-20260610-r02/d6662a90308bea7d] [-] rpc agent.wait begin {"timeout_ms":600000}
2026-06-10T06:48:51.549Z [info] [Step5 research daily-20260610-r02/d6662a90308bea7d] [-] rpc agent.wait ok {"duration_ms":9205}
2026-06-10T06:48:51.549Z [info] [Step5 research daily-20260610-r02/d6662a90308bea7d] [-] rpc chat.history begin {"timeout_ms":600000}
2026-06-10T06:48:51.609Z [info] [Step5 research daily-20260610-r02/d6662a90308bea7d] [-] rpc chat.history ok {"duration_ms":60}
2026-06-10T06:48:51.610Z [info] [Step5 research daily-20260610-r02/d6662a90308bea7d] [-] run_agent done {"duration_ms":9369,"gateway_run_id":"step5-research-daily-20260610-r02-r02-d6662a90308bea7d-1781074122241","content_chars":1366}
2026-06-10T06:48:51.924Z [info] [Step6 copy daily-20260610-r02/d6662a90308bea7d attempt=1] [-] run_agent start {"timeout_ms":600000,"idempotency_key":"step6-copy-daily-20260610-r02-r02-d6662a90308bea7d-1781074131923-1"}
2026-06-10T06:48:51.925Z [info] [Step6 copy daily-20260610-r02/d6662a90308bea7d attempt=1] [-] rpc agent begin {"timeout_ms":600000}
2026-06-10T06:48:51.995Z [info] [Step6 copy daily-20260610-r02/d6662a90308bea7d attempt=1] [-] rpc agent ok {"duration_ms":70}
2026-06-10T06:48:51.995Z [info] [Step6 copy daily-20260610-r02/d6662a90308bea7d attempt=1] [-] rpc agent.wait begin {"timeout_ms":600000}
2026-06-10T06:49:14.550Z [info] [Step6 copy daily-20260610-r02/d6662a90308bea7d attempt=1] [-] rpc agent.wait ok {"duration_ms":22555}
2026-06-10T06:49:14.552Z [info] [Step6 copy daily-20260610-r02/d6662a90308bea7d attempt=1] [-] rpc chat.history begin {"timeout_ms":600000}
2026-06-10T06:49:14.682Z [info] [Step6 copy daily-20260610-r02/d6662a90308bea7d attempt=1] [-] rpc chat.history ok {"duration_ms":130}
2026-06-10T06:49:14.683Z [info] [Step6 copy daily-20260610-r02/d6662a90308bea7d attempt=1] [-] run_agent done {"duration_ms":22759,"gateway_run_id":"step6-copy-daily-20260610-r02-r02-d6662a90308bea7d-1781074131923-1","content_chars":8050}
2026-06-10T06:49:14.690Z [info] [Step6 copy daily-20260610-r02/d6662a90308bea7d attempt=2] [-] run_agent start {"timeout_ms":600000,"idempotency_key":"step6-copy-daily-20260610-r02-r02-d6662a90308bea7d-1781074154690-2"}
2026-06-10T06:49:14.692Z [info] [Step6 copy daily-20260610-r02/d6662a90308bea7d attempt=2] [-] rpc agent begin {"timeout_ms":600000}
2026-06-10T06:49:14.824Z [info] [Step6 copy daily-20260610-r02/d6662a90308bea7d attempt=2] [-] rpc agent ok {"duration_ms":132}
2026-06-10T06:49:14.826Z [info] [Step6 copy daily-20260610-r02/d6662a90308bea7d attempt=2] [-] rpc agent.wait begin {"timeout_ms":600000}
2026-06-10T06:49:48.426Z [info] [Step6 copy daily-20260610-r02/d6662a90308bea7d attempt=2] [-] rpc agent.wait ok {"duration_ms":33601}
2026-06-10T06:49:48.428Z [info] [Step6 copy daily-20260610-r02/d6662a90308bea7d attempt=2] [-] rpc chat.history begin {"timeout_ms":600000}
2026-06-10T06:49:48.530Z [info] [Step6 copy daily-20260610-r02/d6662a90308bea7d attempt=2] [-] rpc chat.history ok {"duration_ms":102}
2026-06-10T06:49:48.531Z [info] [Step6 copy daily-20260610-r02/d6662a90308bea7d attempt=2] [-] run_agent done {"duration_ms":33841,"gateway_run_id":"step6-copy-daily-20260610-r02-r02-d6662a90308bea7d-1781074154690-2","content_chars":4154}
2026-06-10T06:49:48.532Z [info] [Step6 copy daily-20260610-r02/d6662a90308bea7d attempt=3] [-] run_agent start {"timeout_ms":600000,"idempotency_key":"step6-copy-daily-20260610-r02-r02-d6662a90308bea7d-1781074188532-3"}
2026-06-10T06:49:48.533Z [info] [Step6 copy daily-20260610-r02/d6662a90308bea7d attempt=3] [-] rpc agent begin {"timeout_ms":600000}
2026-06-10T06:49:48.574Z [info] [Step6 copy daily-20260610-r02/d6662a90308bea7d attempt=3] [-] rpc agent ok {"duration_ms":41}
2026-06-10T06:49:48.574Z [info] [Step6 copy daily-20260610-r02/d6662a90308bea7d attempt=3] [-] rpc agent.wait begin {"timeout_ms":600000}
2026-06-10T06:50:07.826Z [info] [Step6 copy daily-20260610-r02/d6662a90308bea7d attempt=3] [-] rpc agent.wait ok {"duration_ms":19252}
2026-06-10T06:50:07.827Z [info] [Step6 copy daily-20260610-r02/d6662a90308bea7d attempt=3] [-] rpc chat.history begin {"timeout_ms":600000}
2026-06-10T06:50:07.881Z [info] [Step6 copy daily-20260610-r02/d6662a90308bea7d attempt=3] [-] rpc chat.history ok {"duration_ms":54}
2026-06-10T06:50:07.882Z [info] [Step6 copy daily-20260610-r02/d6662a90308bea7d attempt=3] [-] run_agent done {"duration_ms":19350,"gateway_run_id":"step6-copy-daily-20260610-r02-r02-d6662a90308bea7d-1781074188532-3","content_chars":4642}
2026-06-10T09:34:36.957Z [info] [Step5 research daily-20260610-r03/a827f0b6e2788300] [-] run_agent start {"timeout_ms":600000,"idempotency_key":"step5-research-daily-20260610-r03-r03-a827f0b6e2788300-1781084076956"}
2026-06-10T09:34:36.958Z [info] [Step5 research daily-20260610-r03/a827f0b6e2788300] [-] rpc agent begin {"timeout_ms":600000}
2026-06-10T09:34:37.285Z [info] [Step5 research daily-20260610-r03/a827f0b6e2788300] [-] rpc agent ok {"duration_ms":327}
2026-06-10T09:34:37.285Z [info] [Step5 research daily-20260610-r03/a827f0b6e2788300] [-] rpc agent.wait begin {"timeout_ms":600000}
2026-06-10T09:34:50.168Z [info] [Step5 research daily-20260610-r03/a827f0b6e2788300] [-] rpc agent.wait ok {"duration_ms":12883}
2026-06-10T09:34:50.171Z [info] [Step5 research daily-20260610-r03/a827f0b6e2788300] [-] rpc chat.history begin {"timeout_ms":600000}
2026-06-10T09:34:50.245Z [info] [Step5 research daily-20260610-r03/a827f0b6e2788300] [-] rpc chat.history ok {"duration_ms":74}
2026-06-10T09:34:50.245Z [info] [Step5 research daily-20260610-r03/a827f0b6e2788300] [-] run_agent done {"duration_ms":13288,"gateway_run_id":"step5-research-daily-20260610-r03-r03-a827f0b6e2788300-1781084076956","content_chars":2728}
2026-06-10T09:38:47.633Z [info] [Step6 copy daily-20260610-r03/a827f0b6e2788300 attempt=1] [-] run_agent start {"timeout_ms":600000,"idempotency_key":"step6-copy-daily-20260610-r03-r03-a827f0b6e2788300-1781084327632-1"}
2026-06-10T09:38:47.633Z [info] [Step6 copy daily-20260610-r03/a827f0b6e2788300 attempt=1] [-] rpc agent begin {"timeout_ms":600000}
2026-06-10T09:38:47.791Z [info] [Step6 copy daily-20260610-r03/a827f0b6e2788300 attempt=1] [-] rpc agent ok {"duration_ms":158}
2026-06-10T09:38:47.792Z [info] [Step6 copy daily-20260610-r03/a827f0b6e2788300 attempt=1] [-] rpc agent.wait begin {"timeout_ms":600000}
2026-06-10T09:39:06.710Z [info] [Step6 copy daily-20260610-r03/a827f0b6e2788300 attempt=1] [-] rpc agent.wait ok {"duration_ms":18918}
2026-06-10T09:39:06.711Z [info] [Step6 copy daily-20260610-r03/a827f0b6e2788300 attempt=1] [-] rpc chat.history begin {"timeout_ms":600000}
2026-06-10T09:39:06.767Z [info] [Step6 copy daily-20260610-r03/a827f0b6e2788300 attempt=1] [-] rpc chat.history ok {"duration_ms":56}
2026-06-10T09:39:06.768Z [info] [Step6 copy daily-20260610-r03/a827f0b6e2788300 attempt=1] [-] run_agent done {"duration_ms":19136,"gateway_run_id":"step6-copy-daily-20260610-r03-r03-a827f0b6e2788300-1781084327632-1","content_chars":4337}
2026-06-10T09:39:06.772Z [info] [Step6 copy daily-20260610-r03/a827f0b6e2788300 attempt=2] [-] run_agent start {"timeout_ms":600000,"idempotency_key":"step6-copy-daily-20260610-r03-r03-a827f0b6e2788300-1781084346771-2"}
2026-06-10T09:39:06.773Z [info] [Step6 copy daily-20260610-r03/a827f0b6e2788300 attempt=2] [-] rpc agent begin {"timeout_ms":600000}
2026-06-10T09:39:06.853Z [info] [Step6 copy daily-20260610-r03/a827f0b6e2788300 attempt=2] [-] rpc agent ok {"duration_ms":80}
2026-06-10T09:39:06.854Z [info] [Step6 copy daily-20260610-r03/a827f0b6e2788300 attempt=2] [-] rpc agent.wait begin {"timeout_ms":600000}
2026-06-10T09:39:27.784Z [info] [Step6 copy daily-20260610-r03/a827f0b6e2788300 attempt=2] [-] rpc agent.wait ok {"duration_ms":20930}
2026-06-10T09:39:27.785Z [info] [Step6 copy daily-20260610-r03/a827f0b6e2788300 attempt=2] [-] rpc chat.history begin {"timeout_ms":600000}
2026-06-10T09:39:28.090Z [info] [Step6 copy daily-20260610-r03/a827f0b6e2788300 attempt=2] [-] rpc chat.history ok {"duration_ms":305}
2026-06-10T09:39:28.090Z [info] [Step6 copy daily-20260610-r03/a827f0b6e2788300 attempt=2] [-] run_agent done {"duration_ms":21318,"gateway_run_id":"step6-copy-daily-20260610-r03-r03-a827f0b6e2788300-1781084346771-2","content_chars":8012}
2026-06-10T09:39:28.092Z [info] [Step6 copy daily-20260610-r03/a827f0b6e2788300 attempt=3] [-] run_agent start {"timeout_ms":600000,"idempotency_key":"step6-copy-daily-20260610-r03-r03-a827f0b6e2788300-1781084368092-3"}
2026-06-10T09:39:28.095Z [info] [Step6 copy daily-20260610-r03/a827f0b6e2788300 attempt=3] [-] rpc agent begin {"timeout_ms":600000}
2026-06-10T09:39:28.179Z [info] [Step6 copy daily-20260610-r03/a827f0b6e2788300 attempt=3] [-] rpc agent ok {"duration_ms":84}
2026-06-10T09:39:28.180Z [info] [Step6 copy daily-20260610-r03/a827f0b6e2788300 attempt=3] [-] rpc agent.wait begin {"timeout_ms":600000}
2026-06-10T09:39:55.907Z [info] [Step6 copy daily-20260610-r03/a827f0b6e2788300 attempt=3] [-] rpc agent.wait ok {"duration_ms":27727}
2026-06-10T09:39:55.907Z [info] [Step6 copy daily-20260610-r03/a827f0b6e2788300 attempt=3] [-] rpc chat.history begin {"timeout_ms":600000}
2026-06-10T09:39:56.007Z [info] [Step6 copy daily-20260610-r03/a827f0b6e2788300 attempt=3] [-] rpc chat.history ok {"duration_ms":100}
2026-06-10T09:39:56.007Z [info] [Step6 copy daily-20260610-r03/a827f0b6e2788300 attempt=3] [-] run_agent done {"duration_ms":27915,"gateway_run_id":"step6-copy-daily-20260610-r03-r03-a827f0b6e2788300-1781084368092-3","content_chars":4759}
2026-06-10T09:39:56.045Z [info] [Step6 copy daily-20260610-r03/a827f0b6e2788300 attempt=1] [-] run_agent start {"timeout_ms":600000,"idempotency_key":"step6-copy-daily-20260610-r03-r03-a827f0b6e2788300-1781084396045-1"}
2026-06-10T09:39:56.045Z [info] [Step6 copy daily-20260610-r03/a827f0b6e2788300 attempt=1] [-] rpc agent begin {"timeout_ms":600000}
2026-06-10T09:39:56.101Z [info] [Step6 copy daily-20260610-r03/a827f0b6e2788300 attempt=1] [-] rpc agent ok {"duration_ms":56}
2026-06-10T09:39:56.102Z [info] [Step6 copy daily-20260610-r03/a827f0b6e2788300 attempt=1] [-] rpc agent.wait begin {"timeout_ms":600000}
2026-06-10T09:40:09.537Z [info] [Step6 copy daily-20260610-r03/a827f0b6e2788300 attempt=1] [-] rpc agent.wait ok {"duration_ms":13435}
2026-06-10T09:40:09.538Z [info] [Step6 copy daily-20260610-r03/a827f0b6e2788300 attempt=1] [-] rpc chat.history begin {"timeout_ms":600000}
2026-06-10T09:40:09.580Z [info] [Step6 copy daily-20260610-r03/a827f0b6e2788300 attempt=1] [-] rpc chat.history ok {"duration_ms":42}
2026-06-10T09:40:09.580Z [info] [Step6 copy daily-20260610-r03/a827f0b6e2788300 attempt=1] [-] run_agent done {"duration_ms":13535,"gateway_run_id":"step6-copy-daily-20260610-r03-r03-a827f0b6e2788300-1781084396045-1","content_chars":5216}
2026-06-10T09:40:09.581Z [info] [Step6 copy daily-20260610-r03/a827f0b6e2788300 attempt=2] [-] run_agent start {"timeout_ms":600000,"idempotency_key":"step6-copy-daily-20260610-r03-r03-a827f0b6e2788300-1781084409581-2"}
2026-06-10T09:40:09.582Z [info] [Step6 copy daily-20260610-r03/a827f0b6e2788300 attempt=2] [-] rpc agent begin {"timeout_ms":600000}
2026-06-10T09:40:09.641Z [info] [Step6 copy daily-20260610-r03/a827f0b6e2788300 attempt=2] [-] rpc agent ok {"duration_ms":59}
2026-06-10T09:40:09.641Z [info] [Step6 copy daily-20260610-r03/a827f0b6e2788300 attempt=2] [-] rpc agent.wait begin {"timeout_ms":600000}
2026-06-10T09:40:25.941Z [info] [Step6 copy daily-20260610-r03/a827f0b6e2788300 attempt=2] [-] rpc agent.wait ok {"duration_ms":16300}
2026-06-10T09:40:25.942Z [info] [Step6 copy daily-20260610-r03/a827f0b6e2788300 attempt=2] [-] rpc chat.history begin {"timeout_ms":600000}
2026-06-10T09:40:26.233Z [info] [Step6 copy daily-20260610-r03/a827f0b6e2788300 attempt=2] [-] rpc chat.history ok {"duration_ms":291}
2026-06-10T09:40:26.234Z [info] [Step6 copy daily-20260610-r03/a827f0b6e2788300 attempt=2] [-] run_agent done {"duration_ms":16653,"gateway_run_id":"step6-copy-daily-20260610-r03-r03-a827f0b6e2788300-1781084409581-2","content_chars":4247}
2026-06-10T09:40:26.235Z [info] [Step6 copy daily-20260610-r03/a827f0b6e2788300 attempt=3] [-] run_agent start {"timeout_ms":600000,"idempotency_key":"step6-copy-daily-20260610-r03-r03-a827f0b6e2788300-1781084426235-3"}
2026-06-10T09:40:26.236Z [info] [Step6 copy daily-20260610-r03/a827f0b6e2788300 attempt=3] [-] rpc agent begin {"timeout_ms":600000}
2026-06-10T09:40:26.304Z [info] [Step6 copy daily-20260610-r03/a827f0b6e2788300 attempt=3] [-] rpc agent ok {"duration_ms":68}
2026-06-10T09:40:26.305Z [info] [Step6 copy daily-20260610-r03/a827f0b6e2788300 attempt=3] [-] rpc agent.wait begin {"timeout_ms":600000}
2026-06-10T09:41:02.283Z [info] [Step6 copy daily-20260610-r03/a827f0b6e2788300 attempt=3] [-] rpc agent.wait ok {"duration_ms":35978}
2026-06-10T09:41:02.286Z [info] [Step6 copy daily-20260610-r03/a827f0b6e2788300 attempt=3] [-] rpc chat.history begin {"timeout_ms":600000}
2026-06-10T09:41:02.399Z [info] [Step6 copy daily-20260610-r03/a827f0b6e2788300 attempt=3] [-] rpc chat.history ok {"duration_ms":113}
2026-06-10T09:41:02.400Z [info] [Step6 copy daily-20260610-r03/a827f0b6e2788300 attempt=3] [-] run_agent done {"duration_ms":36165,"gateway_run_id":"step6-copy-daily-20260610-r03-r03-a827f0b6e2788300-1781084426235-3","content_chars":8067}
