2026-06-11T23:58:58.639Z [info] [Step5 research daily-20260611-r02/9583626c462bd423] [-] run_agent start {"timeout_ms":600000,"idempotency_key":"step5-research-daily-20260611-r02-r02-9583626c462bd423-1781222338638"}
2026-06-11T23:58:58.641Z [info] [Step5 research daily-20260611-r02/9583626c462bd423] [-] rpc agent begin {"timeout_ms":600000}
2026-06-11T23:58:58.717Z [info] [Step5 research daily-20260611-r02/9583626c462bd423] [-] rpc agent ok {"duration_ms":76}
2026-06-11T23:58:58.717Z [info] [Step5 research daily-20260611-r02/9583626c462bd423] [-] rpc agent.wait begin {"timeout_ms":600000}
2026-06-11T23:59:07.804Z [info] [Step5 research daily-20260611-r02/9583626c462bd423] [-] rpc agent.wait ok {"duration_ms":9087}
2026-06-11T23:59:07.807Z [info] [Step5 research daily-20260611-r02/9583626c462bd423] [-] rpc chat.history begin {"timeout_ms":600000}
2026-06-11T23:59:07.890Z [info] [Step5 research daily-20260611-r02/9583626c462bd423] [-] rpc chat.history ok {"duration_ms":83}
2026-06-11T23:59:07.891Z [info] [Step5 research daily-20260611-r02/9583626c462bd423] [-] run_agent done {"duration_ms":9252,"gateway_run_id":"step5-research-daily-20260611-r02-r02-9583626c462bd423-1781222338638","content_chars":2713}
2026-06-11T23:59:08.158Z [info] [Step5 research daily-20260611-r03/custom_ae963a0c251a5d76] [-] run_agent start {"timeout_ms":600000,"idempotency_key":"step5-research-daily-20260611-r03-r03-custom_ae963a0c251a5d76-1781222348158"}
2026-06-11T23:59:08.159Z [info] [Step5 research daily-20260611-r03/custom_ae963a0c251a5d76] [-] rpc agent begin {"timeout_ms":600000}
2026-06-11T23:59:08.207Z [info] [Step5 research daily-20260611-r03/custom_ae963a0c251a5d76] [-] rpc agent ok {"duration_ms":48}
2026-06-11T23:59:08.208Z [info] [Step5 research daily-20260611-r03/custom_ae963a0c251a5d76] [-] rpc agent.wait begin {"timeout_ms":600000}
2026-06-11T23:59:18.491Z [info] [Step5 research daily-20260611-r03/custom_ae963a0c251a5d76] [-] rpc agent.wait ok {"duration_ms":10283}
2026-06-11T23:59:18.492Z [info] [Step5 research daily-20260611-r03/custom_ae963a0c251a5d76] [-] rpc chat.history begin {"timeout_ms":600000}
2026-06-11T23:59:18.537Z [info] [Step5 research daily-20260611-r03/custom_ae963a0c251a5d76] [-] rpc chat.history ok {"duration_ms":45}
2026-06-11T23:59:18.538Z [info] [Step5 research daily-20260611-r03/custom_ae963a0c251a5d76] [-] run_agent done {"duration_ms":10380,"gateway_run_id":"step5-research-daily-20260611-r03-r03-custom_ae963a0c251a5d76-1781222348158","content_chars":1360}
2026-06-11T23:59:18.807Z [info] [Step6 copy daily-20260611-r02/9583626c462bd423 attempt=1] [-] run_agent start {"timeout_ms":600000,"idempotency_key":"step6-copy-daily-20260611-r02-r02-9583626c462bd423-1781222358806-1"}
2026-06-11T23:59:18.808Z [info] [Step6 copy daily-20260611-r02/9583626c462bd423 attempt=1] [-] rpc agent begin {"timeout_ms":600000}
2026-06-11T23:59:18.862Z [info] [Step6 copy daily-20260611-r02/9583626c462bd423 attempt=1] [-] rpc agent ok {"duration_ms":54}
2026-06-11T23:59:18.863Z [info] [Step6 copy daily-20260611-r02/9583626c462bd423 attempt=1] [-] rpc agent.wait begin {"timeout_ms":600000}
2026-06-11T23:59:31.628Z [info] [Step6 copy daily-20260611-r02/9583626c462bd423 attempt=1] [-] rpc agent.wait ok {"duration_ms":12765}
2026-06-11T23:59:31.629Z [info] [Step6 copy daily-20260611-r02/9583626c462bd423 attempt=1] [-] rpc chat.history begin {"timeout_ms":600000}
2026-06-11T23:59:31.680Z [info] [Step6 copy daily-20260611-r02/9583626c462bd423 attempt=1] [-] rpc chat.history ok {"duration_ms":51}
2026-06-11T23:59:31.681Z [info] [Step6 copy daily-20260611-r02/9583626c462bd423 attempt=1] [-] run_agent done {"duration_ms":12874,"gateway_run_id":"step6-copy-daily-20260611-r02-r02-9583626c462bd423-1781222358806-1","content_chars":3033}
2026-06-11T23:59:31.683Z [info] [Step6 copy daily-20260611-r02/9583626c462bd423 attempt=2] [-] run_agent start {"timeout_ms":600000,"idempotency_key":"step6-copy-daily-20260611-r02-r02-9583626c462bd423-1781222371682-2"}
2026-06-11T23:59:31.683Z [info] [Step6 copy daily-20260611-r02/9583626c462bd423 attempt=2] [-] rpc agent begin {"timeout_ms":600000}
2026-06-11T23:59:31.745Z [info] [Step6 copy daily-20260611-r02/9583626c462bd423 attempt=2] [-] rpc agent ok {"duration_ms":62}
2026-06-11T23:59:31.745Z [info] [Step6 copy daily-20260611-r02/9583626c462bd423 attempt=2] [-] rpc agent.wait begin {"timeout_ms":600000}
2026-06-11T23:59:44.258Z [info] [Step6 copy daily-20260611-r02/9583626c462bd423 attempt=2] [-] rpc agent.wait ok {"duration_ms":12513}
2026-06-11T23:59:44.259Z [info] [Step6 copy daily-20260611-r02/9583626c462bd423 attempt=2] [-] rpc chat.history begin {"timeout_ms":600000}
2026-06-11T23:59:44.536Z [info] [Step6 copy daily-20260611-r02/9583626c462bd423 attempt=2] [-] rpc chat.history ok {"duration_ms":277}
2026-06-11T23:59:44.537Z [info] [Step6 copy daily-20260611-r02/9583626c462bd423 attempt=2] [-] run_agent done {"duration_ms":12854,"gateway_run_id":"step6-copy-daily-20260611-r02-r02-9583626c462bd423-1781222371682-2","content_chars":2901}
2026-06-11T23:59:44.538Z [info] [Step6 copy daily-20260611-r02/9583626c462bd423 attempt=3] [-] run_agent start {"timeout_ms":600000,"idempotency_key":"step6-copy-daily-20260611-r02-r02-9583626c462bd423-1781222384538-3"}
2026-06-11T23:59:44.538Z [info] [Step6 copy daily-20260611-r02/9583626c462bd423 attempt=3] [-] rpc agent begin {"timeout_ms":600000}
2026-06-11T23:59:44.599Z [info] [Step6 copy daily-20260611-r02/9583626c462bd423 attempt=3] [-] rpc agent ok {"duration_ms":61}
2026-06-11T23:59:44.600Z [info] [Step6 copy daily-20260611-r02/9583626c462bd423 attempt=3] [-] rpc agent.wait begin {"timeout_ms":600000}
2026-06-11T23:59:56.371Z [info] [Step6 copy daily-20260611-r02/9583626c462bd423 attempt=3] [-] rpc agent.wait ok {"duration_ms":11771}
2026-06-11T23:59:56.374Z [info] [Step6 copy daily-20260611-r02/9583626c462bd423 attempt=3] [-] rpc chat.history begin {"timeout_ms":600000}
2026-06-11T23:59:56.452Z [info] [Step6 copy daily-20260611-r02/9583626c462bd423 attempt=3] [-] rpc chat.history ok {"duration_ms":78}
2026-06-11T23:59:56.453Z [info] [Step6 copy daily-20260611-r02/9583626c462bd423 attempt=3] [-] run_agent done {"duration_ms":11915,"gateway_run_id":"step6-copy-daily-20260611-r02-r02-9583626c462bd423-1781222384538-3","content_chars":2888}
2026-06-12T00:00:15.336Z [info] [Step6 copy daily-20260611-r03/custom_ae963a0c251a5d76 attempt=1] [-] run_agent start {"timeout_ms":600000,"idempotency_key":"step6-copy-daily-20260611-r03-r03-custom_ae963a0c251a5d76-1781222415336-1"}
2026-06-12T00:00:15.336Z [info] [Step6 copy daily-20260611-r03/custom_ae963a0c251a5d76 attempt=1] [-] rpc agent begin {"timeout_ms":600000}
2026-06-12T00:00:15.401Z [info] [Step6 copy daily-20260611-r03/custom_ae963a0c251a5d76 attempt=1] [-] rpc agent ok {"duration_ms":65}
2026-06-12T00:00:15.401Z [info] [Step6 copy daily-20260611-r03/custom_ae963a0c251a5d76 attempt=1] [-] rpc agent.wait begin {"timeout_ms":600000}
2026-06-12T00:01:07.090Z [info] [Step6 copy daily-20260611-r03/custom_ae963a0c251a5d76 attempt=1] [-] rpc agent.wait ok {"duration_ms":51689}
2026-06-12T00:01:07.091Z [info] [Step6 copy daily-20260611-r03/custom_ae963a0c251a5d76 attempt=1] [-] rpc chat.history begin {"timeout_ms":600000}
2026-06-12T00:01:07.136Z [info] [Step6 copy daily-20260611-r03/custom_ae963a0c251a5d76 attempt=1] [-] rpc chat.history ok {"duration_ms":45}
2026-06-12T00:01:07.136Z [info] [Step6 copy daily-20260611-r03/custom_ae963a0c251a5d76 attempt=1] [-] run_agent done {"duration_ms":51800,"gateway_run_id":"step6-copy-daily-20260611-r03-r03-custom_ae963a0c251a5d76-1781222415336-1","content_chars":366}
2026-06-12T00:02:02.699Z [info] [Step6 copy daily-20260611-r03/custom_ae963a0c251a5d76 attempt=1] [-] run_agent start {"timeout_ms":600000,"idempotency_key":"step6-copy-daily-20260611-r03-r03-custom_ae963a0c251a5d76-1781222522699-1"}
2026-06-12T00:02:02.699Z [info] [Step6 copy daily-20260611-r03/custom_ae963a0c251a5d76 attempt=1] [-] rpc agent begin {"timeout_ms":600000}
2026-06-12T00:02:02.760Z [info] [Step6 copy daily-20260611-r03/custom_ae963a0c251a5d76 attempt=1] [-] rpc agent ok {"duration_ms":61}
2026-06-12T00:02:02.760Z [info] [Step6 copy daily-20260611-r03/custom_ae963a0c251a5d76 attempt=1] [-] rpc agent.wait begin {"timeout_ms":600000}
2026-06-12T00:02:15.208Z [info] [Step6 copy daily-20260611-r03/custom_ae963a0c251a5d76 attempt=1] [-] rpc agent.wait ok {"duration_ms":12448}
2026-06-12T00:02:15.210Z [info] [Step6 copy daily-20260611-r03/custom_ae963a0c251a5d76 attempt=1] [-] rpc chat.history begin {"timeout_ms":600000}
2026-06-12T00:02:15.274Z [info] [Step6 copy daily-20260611-r03/custom_ae963a0c251a5d76 attempt=1] [-] rpc chat.history ok {"duration_ms":64}
2026-06-12T00:02:15.275Z [info] [Step6 copy daily-20260611-r03/custom_ae963a0c251a5d76 attempt=1] [-] run_agent done {"duration_ms":12576,"gateway_run_id":"step6-copy-daily-20260611-r03-r03-custom_ae963a0c251a5d76-1781222522699-1","content_chars":3158}
2026-06-12T00:02:15.336Z [info] [Step6 copy daily-20260611-r03/custom_ae963a0c251a5d76 attempt=2] [-] run_agent start {"timeout_ms":600000,"idempotency_key":"step6-copy-daily-20260611-r03-r03-custom_ae963a0c251a5d76-1781222535336-2"}
2026-06-12T00:02:15.336Z [info] [Step6 copy daily-20260611-r03/custom_ae963a0c251a5d76 attempt=2] [-] rpc agent begin {"timeout_ms":600000}
2026-06-12T00:02:15.373Z [info] [Step6 copy daily-20260611-r03/custom_ae963a0c251a5d76 attempt=2] [-] rpc agent ok {"duration_ms":37}
2026-06-12T00:02:15.374Z [info] [Step6 copy daily-20260611-r03/custom_ae963a0c251a5d76 attempt=2] [-] rpc agent.wait begin {"timeout_ms":600000}
2026-06-12T00:02:36.766Z [info] [Step6 copy daily-20260611-r03/custom_ae963a0c251a5d76 attempt=2] [-] rpc agent.wait ok {"duration_ms":21392}
2026-06-12T00:02:36.767Z [info] [Step6 copy daily-20260611-r03/custom_ae963a0c251a5d76 attempt=2] [-] rpc chat.history begin {"timeout_ms":600000}
2026-06-12T00:02:37.112Z [info] [Step6 copy daily-20260611-r03/custom_ae963a0c251a5d76 attempt=2] [-] rpc chat.history ok {"duration_ms":345}
2026-06-12T00:02:37.113Z [info] [Step6 copy daily-20260611-r03/custom_ae963a0c251a5d76 attempt=2] [-] run_agent done {"duration_ms":21777,"gateway_run_id":"step6-copy-daily-20260611-r03-r03-custom_ae963a0c251a5d76-1781222535336-2","content_chars":3126}
2026-06-12T00:02:37.115Z [info] [Step6 copy daily-20260611-r03/custom_ae963a0c251a5d76 attempt=3] [-] run_agent start {"timeout_ms":600000,"idempotency_key":"step6-copy-daily-20260611-r03-r03-custom_ae963a0c251a5d76-1781222557115-3"}
2026-06-12T00:02:37.116Z [info] [Step6 copy daily-20260611-r03/custom_ae963a0c251a5d76 attempt=3] [-] rpc agent begin {"timeout_ms":600000}
2026-06-12T00:02:37.187Z [info] [Step6 copy daily-20260611-r03/custom_ae963a0c251a5d76 attempt=3] [-] rpc agent ok {"duration_ms":71}
2026-06-12T00:02:37.188Z [info] [Step6 copy daily-20260611-r03/custom_ae963a0c251a5d76 attempt=3] [-] rpc agent.wait begin {"timeout_ms":600000}
2026-06-12T00:02:49.896Z [info] [Step6 copy daily-20260611-r03/custom_ae963a0c251a5d76 attempt=3] [-] rpc agent.wait ok {"duration_ms":12708}
2026-06-12T00:02:49.897Z [info] [Step6 copy daily-20260611-r03/custom_ae963a0c251a5d76 attempt=3] [-] rpc chat.history begin {"timeout_ms":600000}
2026-06-12T00:02:49.943Z [info] [Step6 copy daily-20260611-r03/custom_ae963a0c251a5d76 attempt=3] [-] rpc chat.history ok {"duration_ms":46}
2026-06-12T00:02:49.943Z [info] [Step6 copy daily-20260611-r03/custom_ae963a0c251a5d76 attempt=3] [-] run_agent done {"duration_ms":12828,"gateway_run_id":"step6-copy-daily-20260611-r03-r03-custom_ae963a0c251a5d76-1781222557115-3","content_chars":2867}
2026-06-12T02:41:00.687Z [info] [Step5 research daily-20260612-r01/e5de25c90f90615f] [-] run_agent start {"timeout_ms":600000,"idempotency_key":"step5-research-daily-20260612-r01-r01-e5de25c90f90615f-1781232060687"}
2026-06-12T02:41:00.688Z [info] [Step5 research daily-20260612-r01/e5de25c90f90615f] [-] rpc agent begin {"timeout_ms":600000}
2026-06-12T02:41:00.761Z [info] [Step5 research daily-20260612-r01/e5de25c90f90615f] [-] rpc agent ok {"duration_ms":73}
2026-06-12T02:41:00.762Z [info] [Step5 research daily-20260612-r01/e5de25c90f90615f] [-] rpc agent.wait begin {"timeout_ms":600000}
2026-06-12T02:41:10.185Z [info] [Step5 research daily-20260612-r01/e5de25c90f90615f] [-] rpc agent.wait ok {"duration_ms":9423}
2026-06-12T02:41:10.187Z [info] [Step5 research daily-20260612-r01/e5de25c90f90615f] [-] rpc chat.history begin {"timeout_ms":600000}
2026-06-12T02:41:10.497Z [info] [Step5 research daily-20260612-r01/e5de25c90f90615f] [-] rpc chat.history ok {"duration_ms":310}
2026-06-12T02:41:10.498Z [info] [Step5 research daily-20260612-r01/e5de25c90f90615f] [-] run_agent done {"duration_ms":9811,"gateway_run_id":"step5-research-daily-20260612-r01-r01-e5de25c90f90615f-1781232060687","content_chars":1808}
2026-06-12T02:41:10.796Z [info] [Step6 copy daily-20260612-r01/e5de25c90f90615f attempt=1] [-] run_agent start {"timeout_ms":600000,"idempotency_key":"step6-copy-daily-20260612-r01-r01-e5de25c90f90615f-1781232070795-1"}
2026-06-12T02:41:10.796Z [info] [Step6 copy daily-20260612-r01/e5de25c90f90615f attempt=1] [-] rpc agent begin {"timeout_ms":600000}
2026-06-12T02:41:10.853Z [info] [Step6 copy daily-20260612-r01/e5de25c90f90615f attempt=1] [-] rpc agent ok {"duration_ms":57}
2026-06-12T02:41:10.854Z [info] [Step6 copy daily-20260612-r01/e5de25c90f90615f attempt=1] [-] rpc agent.wait begin {"timeout_ms":600000}
2026-06-12T02:41:20.980Z [info] [Step6 copy daily-20260612-r01/e5de25c90f90615f attempt=1] [-] rpc agent.wait ok {"duration_ms":10126}
2026-06-12T02:41:20.981Z [info] [Step6 copy daily-20260612-r01/e5de25c90f90615f attempt=1] [-] rpc chat.history begin {"timeout_ms":600000}
2026-06-12T02:41:21.033Z [info] [Step6 copy daily-20260612-r01/e5de25c90f90615f attempt=1] [-] rpc chat.history ok {"duration_ms":52}
2026-06-12T02:41:21.033Z [info] [Step6 copy daily-20260612-r01/e5de25c90f90615f attempt=1] [-] run_agent done {"duration_ms":10237,"gateway_run_id":"step6-copy-daily-20260612-r01-r01-e5de25c90f90615f-1781232070795-1","content_chars":2867}
2026-06-12T02:41:21.035Z [info] [Step6 copy daily-20260612-r01/e5de25c90f90615f attempt=2] [-] run_agent start {"timeout_ms":600000,"idempotency_key":"step6-copy-daily-20260612-r01-r01-e5de25c90f90615f-1781232081035-2"}
2026-06-12T02:41:21.036Z [info] [Step6 copy daily-20260612-r01/e5de25c90f90615f attempt=2] [-] rpc agent begin {"timeout_ms":600000}
2026-06-12T02:41:21.098Z [info] [Step6 copy daily-20260612-r01/e5de25c90f90615f attempt=2] [-] rpc agent ok {"duration_ms":62}
2026-06-12T02:41:21.099Z [info] [Step6 copy daily-20260612-r01/e5de25c90f90615f attempt=2] [-] rpc agent.wait begin {"timeout_ms":600000}
2026-06-12T02:41:32.060Z [info] [Step6 copy daily-20260612-r01/e5de25c90f90615f attempt=2] [-] rpc agent.wait ok {"duration_ms":10961}
2026-06-12T02:41:32.062Z [info] [Step6 copy daily-20260612-r01/e5de25c90f90615f attempt=2] [-] rpc chat.history begin {"timeout_ms":600000}
2026-06-12T02:41:32.108Z [info] [Step6 copy daily-20260612-r01/e5de25c90f90615f attempt=2] [-] rpc chat.history ok {"duration_ms":46}
2026-06-12T02:41:32.108Z [info] [Step6 copy daily-20260612-r01/e5de25c90f90615f attempt=2] [-] run_agent done {"duration_ms":11073,"gateway_run_id":"step6-copy-daily-20260612-r01-r01-e5de25c90f90615f-1781232081035-2","content_chars":2902}
2026-06-12T02:41:32.109Z [info] [Step6 copy daily-20260612-r01/e5de25c90f90615f attempt=3] [-] run_agent start {"timeout_ms":600000,"idempotency_key":"step6-copy-daily-20260612-r01-r01-e5de25c90f90615f-1781232092109-3"}
2026-06-12T02:41:32.110Z [info] [Step6 copy daily-20260612-r01/e5de25c90f90615f attempt=3] [-] rpc agent begin {"timeout_ms":600000}
2026-06-12T02:41:32.174Z [info] [Step6 copy daily-20260612-r01/e5de25c90f90615f attempt=3] [-] rpc agent ok {"duration_ms":64}
2026-06-12T02:41:32.175Z [info] [Step6 copy daily-20260612-r01/e5de25c90f90615f attempt=3] [-] rpc agent.wait begin {"timeout_ms":600000}
2026-06-12T02:41:50.667Z [info] [Step6 copy daily-20260612-r01/e5de25c90f90615f attempt=3] [-] rpc agent.wait ok {"duration_ms":18492}
2026-06-12T02:41:50.667Z [info] [Step6 copy daily-20260612-r01/e5de25c90f90615f attempt=3] [-] rpc chat.history begin {"timeout_ms":600000}
2026-06-12T02:41:50.708Z [info] [Step6 copy daily-20260612-r01/e5de25c90f90615f attempt=3] [-] rpc chat.history ok {"duration_ms":41}
2026-06-12T02:41:50.708Z [info] [Step6 copy daily-20260612-r01/e5de25c90f90615f attempt=3] [-] run_agent done {"duration_ms":18599,"gateway_run_id":"step6-copy-daily-20260612-r01-r01-e5de25c90f90615f-1781232092109-3","content_chars":2710}
2026-06-12T05:31:02.968Z [info] [Step5 research daily-20260612-r02/405438f93f6adeeb] [-] run_agent start {"timeout_ms":600000,"idempotency_key":"step5-research-daily-20260612-r02-r02-405438f93f6adeeb-1781242262968"}
2026-06-12T05:31:02.969Z [info] [Step5 research daily-20260612-r02/405438f93f6adeeb] [-] rpc agent begin {"timeout_ms":600000}
2026-06-12T05:31:03.028Z [info] [Step5 research daily-20260612-r02/405438f93f6adeeb] [-] rpc agent ok {"duration_ms":59}
2026-06-12T05:31:03.028Z [info] [Step5 research daily-20260612-r02/405438f93f6adeeb] [-] rpc agent.wait begin {"timeout_ms":600000}
2026-06-12T05:31:12.385Z [info] [Step5 research daily-20260612-r02/405438f93f6adeeb] [-] rpc agent.wait ok {"duration_ms":9357}
2026-06-12T05:31:12.386Z [info] [Step5 research daily-20260612-r02/405438f93f6adeeb] [-] rpc chat.history begin {"timeout_ms":600000}
2026-06-12T05:31:12.686Z [info] [Step5 research daily-20260612-r02/405438f93f6adeeb] [-] rpc chat.history ok {"duration_ms":300}
2026-06-12T05:31:12.687Z [info] [Step5 research daily-20260612-r02/405438f93f6adeeb] [-] run_agent done {"duration_ms":9719,"gateway_run_id":"step5-research-daily-20260612-r02-r02-405438f93f6adeeb-1781242262968","content_chars":2661}
2026-06-12T05:31:12.983Z [info] [Step6 copy daily-20260612-r02/405438f93f6adeeb attempt=1] [-] run_agent start {"timeout_ms":600000,"idempotency_key":"step6-copy-daily-20260612-r02-r02-405438f93f6adeeb-1781242272982-1"}
2026-06-12T05:31:12.984Z [info] [Step6 copy daily-20260612-r02/405438f93f6adeeb attempt=1] [-] rpc agent begin {"timeout_ms":600000}
2026-06-12T05:31:13.044Z [info] [Step6 copy daily-20260612-r02/405438f93f6adeeb attempt=1] [-] rpc agent ok {"duration_ms":60}
2026-06-12T05:31:13.045Z [info] [Step6 copy daily-20260612-r02/405438f93f6adeeb attempt=1] [-] rpc agent.wait begin {"timeout_ms":600000}
2026-06-12T05:31:26.721Z [info] [Step6 copy daily-20260612-r02/405438f93f6adeeb attempt=1] [-] rpc agent.wait ok {"duration_ms":13676}
2026-06-12T05:31:26.722Z [info] [Step6 copy daily-20260612-r02/405438f93f6adeeb attempt=1] [-] rpc chat.history begin {"timeout_ms":600000}
2026-06-12T05:31:26.770Z [info] [Step6 copy daily-20260612-r02/405438f93f6adeeb attempt=1] [-] rpc chat.history ok {"duration_ms":48}
2026-06-12T05:31:26.771Z [info] [Step6 copy daily-20260612-r02/405438f93f6adeeb attempt=1] [-] run_agent done {"duration_ms":13788,"gateway_run_id":"step6-copy-daily-20260612-r02-r02-405438f93f6adeeb-1781242272982-1","content_chars":3084}
2026-06-12T05:31:26.773Z [info] [Step6 copy daily-20260612-r02/405438f93f6adeeb attempt=2] [-] run_agent start {"timeout_ms":600000,"idempotency_key":"step6-copy-daily-20260612-r02-r02-405438f93f6adeeb-1781242286773-2"}
2026-06-12T05:31:26.773Z [info] [Step6 copy daily-20260612-r02/405438f93f6adeeb attempt=2] [-] rpc agent begin {"timeout_ms":600000}
2026-06-12T05:31:26.831Z [info] [Step6 copy daily-20260612-r02/405438f93f6adeeb attempt=2] [-] rpc agent ok {"duration_ms":58}
2026-06-12T05:31:26.831Z [info] [Step6 copy daily-20260612-r02/405438f93f6adeeb attempt=2] [-] rpc agent.wait begin {"timeout_ms":600000}
2026-06-12T05:31:42.490Z [info] [Step6 copy daily-20260612-r02/405438f93f6adeeb attempt=2] [-] rpc agent.wait ok {"duration_ms":15659}
2026-06-12T05:31:42.490Z [info] [Step6 copy daily-20260612-r02/405438f93f6adeeb attempt=2] [-] rpc chat.history begin {"timeout_ms":600000}
2026-06-12T05:31:42.532Z [info] [Step6 copy daily-20260612-r02/405438f93f6adeeb attempt=2] [-] rpc chat.history ok {"duration_ms":42}
2026-06-12T05:31:42.533Z [info] [Step6 copy daily-20260612-r02/405438f93f6adeeb attempt=2] [-] run_agent done {"duration_ms":15760,"gateway_run_id":"step6-copy-daily-20260612-r02-r02-405438f93f6adeeb-1781242286773-2","content_chars":3258}
2026-06-12T05:31:42.573Z [info] [Step6 copy daily-20260612-r02/405438f93f6adeeb attempt=1] [-] run_agent start {"timeout_ms":600000,"idempotency_key":"step6-copy-daily-20260612-r02-r02-405438f93f6adeeb-1781242302573-1"}
2026-06-12T05:31:42.573Z [info] [Step6 copy daily-20260612-r02/405438f93f6adeeb attempt=1] [-] rpc agent begin {"timeout_ms":600000}
2026-06-12T05:31:42.610Z [info] [Step6 copy daily-20260612-r02/405438f93f6adeeb attempt=1] [-] rpc agent ok {"duration_ms":37}
2026-06-12T05:31:42.610Z [info] [Step6 copy daily-20260612-r02/405438f93f6adeeb attempt=1] [-] rpc agent.wait begin {"timeout_ms":600000}
2026-06-12T05:32:00.220Z [info] [Step6 copy daily-20260612-r02/405438f93f6adeeb attempt=1] [-] rpc agent.wait ok {"duration_ms":17610}
2026-06-12T05:32:00.220Z [info] [Step6 copy daily-20260612-r02/405438f93f6adeeb attempt=1] [-] rpc chat.history begin {"timeout_ms":600000}
2026-06-12T05:32:00.574Z [info] [Step6 copy daily-20260612-r02/405438f93f6adeeb attempt=1] [-] rpc chat.history ok {"duration_ms":354}
2026-06-12T05:32:00.575Z [info] [Step6 copy daily-20260612-r02/405438f93f6adeeb attempt=1] [-] run_agent done {"duration_ms":18002,"gateway_run_id":"step6-copy-daily-20260612-r02-r02-405438f93f6adeeb-1781242302573-1","content_chars":3159}
2026-06-12T05:32:00.576Z [info] [Step6 copy daily-20260612-r02/405438f93f6adeeb attempt=2] [-] run_agent start {"timeout_ms":600000,"idempotency_key":"step6-copy-daily-20260612-r02-r02-405438f93f6adeeb-1781242320576-2"}
2026-06-12T05:32:00.577Z [info] [Step6 copy daily-20260612-r02/405438f93f6adeeb attempt=2] [-] rpc agent begin {"timeout_ms":600000}
2026-06-12T05:32:00.647Z [info] [Step6 copy daily-20260612-r02/405438f93f6adeeb attempt=2] [-] rpc agent ok {"duration_ms":70}
2026-06-12T05:32:00.648Z [info] [Step6 copy daily-20260612-r02/405438f93f6adeeb attempt=2] [-] rpc agent.wait begin {"timeout_ms":600000}
2026-06-12T05:32:16.796Z [info] [Step6 copy daily-20260612-r02/405438f93f6adeeb attempt=2] [-] rpc agent.wait ok {"duration_ms":16148}
2026-06-12T05:32:16.797Z [info] [Step6 copy daily-20260612-r02/405438f93f6adeeb attempt=2] [-] rpc chat.history begin {"timeout_ms":600000}
2026-06-12T05:32:16.837Z [info] [Step6 copy daily-20260612-r02/405438f93f6adeeb attempt=2] [-] rpc chat.history ok {"duration_ms":40}
2026-06-12T05:32:16.838Z [info] [Step6 copy daily-20260612-r02/405438f93f6adeeb attempt=2] [-] run_agent done {"duration_ms":16262,"gateway_run_id":"step6-copy-daily-20260612-r02-r02-405438f93f6adeeb-1781242320576-2","content_chars":5725}
2026-06-12T05:32:16.839Z [info] [Step6 copy daily-20260612-r02/405438f93f6adeeb attempt=3] [-] run_agent start {"timeout_ms":600000,"idempotency_key":"step6-copy-daily-20260612-r02-r02-405438f93f6adeeb-1781242336839-3"}
2026-06-12T05:32:16.839Z [info] [Step6 copy daily-20260612-r02/405438f93f6adeeb attempt=3] [-] rpc agent begin {"timeout_ms":600000}
2026-06-12T05:32:16.901Z [info] [Step6 copy daily-20260612-r02/405438f93f6adeeb attempt=3] [-] rpc agent ok {"duration_ms":62}
2026-06-12T05:32:16.902Z [info] [Step6 copy daily-20260612-r02/405438f93f6adeeb attempt=3] [-] rpc agent.wait begin {"timeout_ms":600000}
2026-06-12T05:32:33.732Z [info] [Step6 copy daily-20260612-r02/405438f93f6adeeb attempt=3] [-] rpc agent.wait ok {"duration_ms":16830}
2026-06-12T05:32:33.733Z [info] [Step6 copy daily-20260612-r02/405438f93f6adeeb attempt=3] [-] rpc chat.history begin {"timeout_ms":600000}
2026-06-12T05:32:33.774Z [info] [Step6 copy daily-20260612-r02/405438f93f6adeeb attempt=3] [-] rpc chat.history ok {"duration_ms":41}
2026-06-12T05:32:33.775Z [info] [Step6 copy daily-20260612-r02/405438f93f6adeeb attempt=3] [-] run_agent done {"duration_ms":16936,"gateway_run_id":"step6-copy-daily-20260612-r02-r02-405438f93f6adeeb-1781242336839-3","content_chars":3037}
