2026-06-15T01:27:50.864Z [info] [Step5 research daily-20260615-r01/2ce5578234f21660] [-] run_agent start {"timeout_ms":600000,"idempotency_key":"step5-research-daily-20260615-r01-r01-2ce5578234f21660-1781486870863"}
2026-06-15T01:27:50.865Z [info] [Step5 research daily-20260615-r01/2ce5578234f21660] [-] rpc agent begin {"timeout_ms":600000}
2026-06-15T01:27:50.931Z [info] [Step5 research daily-20260615-r01/2ce5578234f21660] [-] rpc agent ok {"duration_ms":66}
2026-06-15T01:27:50.932Z [info] [Step5 research daily-20260615-r01/2ce5578234f21660] [-] rpc agent.wait begin {"timeout_ms":600000}
2026-06-15T01:28:06.357Z [info] [Step5 research daily-20260615-r01/2ce5578234f21660] [-] rpc agent.wait ok {"duration_ms":15425}
2026-06-15T01:28:06.357Z [info] [Step5 research daily-20260615-r01/2ce5578234f21660] [-] rpc chat.history begin {"timeout_ms":600000}
2026-06-15T01:28:06.647Z [info] [Step5 research daily-20260615-r01/2ce5578234f21660] [-] rpc chat.history ok {"duration_ms":290}
2026-06-15T01:28:06.649Z [info] [Step5 research daily-20260615-r01/2ce5578234f21660] [-] run_agent done {"duration_ms":15785,"gateway_run_id":"step5-research-daily-20260615-r01-r01-2ce5578234f21660-1781486870863","content_chars":1334}
2026-06-15T01:28:06.970Z [info] [Step6 copy daily-20260615-r01/2ce5578234f21660 attempt=1] [-] run_agent start {"timeout_ms":600000,"idempotency_key":"step6-copy-daily-20260615-r01-r01-2ce5578234f21660-1781486886968-1"}
2026-06-15T01:28:06.972Z [info] [Step6 copy daily-20260615-r01/2ce5578234f21660 attempt=1] [-] rpc agent begin {"timeout_ms":600000}
2026-06-15T01:28:07.029Z [info] [Step6 copy daily-20260615-r01/2ce5578234f21660 attempt=1] [-] rpc agent ok {"duration_ms":57}
2026-06-15T01:28:07.030Z [info] [Step6 copy daily-20260615-r01/2ce5578234f21660 attempt=1] [-] rpc agent.wait begin {"timeout_ms":600000}
2026-06-15T01:28:23.321Z [info] [Step6 copy daily-20260615-r01/2ce5578234f21660 attempt=1] [-] rpc agent.wait ok {"duration_ms":16291}
2026-06-15T01:28:23.322Z [info] [Step6 copy daily-20260615-r01/2ce5578234f21660 attempt=1] [-] rpc chat.history begin {"timeout_ms":600000}
2026-06-15T01:28:23.359Z [info] [Step6 copy daily-20260615-r01/2ce5578234f21660 attempt=1] [-] rpc chat.history ok {"duration_ms":37}
2026-06-15T01:28:23.360Z [info] [Step6 copy daily-20260615-r01/2ce5578234f21660 attempt=1] [-] run_agent done {"duration_ms":16390,"gateway_run_id":"step6-copy-daily-20260615-r01-r01-2ce5578234f21660-1781486886968-1","content_chars":6688}
2026-06-15T01:28:23.362Z [info] [Step6 copy daily-20260615-r01/2ce5578234f21660 attempt=2] [-] run_agent start {"timeout_ms":600000,"idempotency_key":"step6-copy-daily-20260615-r01-r01-2ce5578234f21660-1781486903362-2"}
2026-06-15T01:28:23.363Z [info] [Step6 copy daily-20260615-r01/2ce5578234f21660 attempt=2] [-] rpc agent begin {"timeout_ms":600000}
2026-06-15T01:28:23.439Z [info] [Step6 copy daily-20260615-r01/2ce5578234f21660 attempt=2] [-] rpc agent ok {"duration_ms":76}
2026-06-15T01:28:23.439Z [info] [Step6 copy daily-20260615-r01/2ce5578234f21660 attempt=2] [-] rpc agent.wait begin {"timeout_ms":600000}
2026-06-15T01:28:39.104Z [info] [Step6 copy daily-20260615-r01/2ce5578234f21660 attempt=2] [-] rpc agent.wait ok {"duration_ms":15665}
2026-06-15T01:28:39.105Z [info] [Step6 copy daily-20260615-r01/2ce5578234f21660 attempt=2] [-] rpc chat.history begin {"timeout_ms":600000}
2026-06-15T01:28:39.138Z [info] [Step6 copy daily-20260615-r01/2ce5578234f21660 attempt=2] [-] rpc chat.history ok {"duration_ms":33}
2026-06-15T01:28:39.139Z [info] [Step6 copy daily-20260615-r01/2ce5578234f21660 attempt=2] [-] run_agent done {"duration_ms":15777,"gateway_run_id":"step6-copy-daily-20260615-r01-r01-2ce5578234f21660-1781486903362-2","content_chars":2806}
2026-06-15T01:28:39.140Z [info] [Step6 copy daily-20260615-r01/2ce5578234f21660 attempt=3] [-] run_agent start {"timeout_ms":600000,"idempotency_key":"step6-copy-daily-20260615-r01-r01-2ce5578234f21660-1781486919140-3"}
2026-06-15T01:28:39.141Z [info] [Step6 copy daily-20260615-r01/2ce5578234f21660 attempt=3] [-] rpc agent begin {"timeout_ms":600000}
2026-06-15T01:28:39.213Z [info] [Step6 copy daily-20260615-r01/2ce5578234f21660 attempt=3] [-] rpc agent ok {"duration_ms":72}
2026-06-15T01:28:39.214Z [info] [Step6 copy daily-20260615-r01/2ce5578234f21660 attempt=3] [-] rpc agent.wait begin {"timeout_ms":600000}
2026-06-15T01:28:54.725Z [info] [Step6 copy daily-20260615-r01/2ce5578234f21660 attempt=3] [-] rpc agent.wait ok {"duration_ms":15511}
2026-06-15T01:28:54.726Z [info] [Step6 copy daily-20260615-r01/2ce5578234f21660 attempt=3] [-] rpc chat.history begin {"timeout_ms":600000}
2026-06-15T01:28:55.048Z [info] [Step6 copy daily-20260615-r01/2ce5578234f21660 attempt=3] [-] rpc chat.history ok {"duration_ms":322}
2026-06-15T01:28:55.049Z [info] [Step6 copy daily-20260615-r01/2ce5578234f21660 attempt=3] [-] run_agent done {"duration_ms":15909,"gateway_run_id":"step6-copy-daily-20260615-r01-r01-2ce5578234f21660-1781486919140-3","content_chars":3781}
2026-06-15T08:57:53.429Z [info] [Step5 research daily-20260615-r03/custom_1c37da1206196461] [-] run_agent start {"timeout_ms":600000,"idempotency_key":"step5-research-daily-20260615-r03-r03-custom_1c37da1206196461-1781513873427"}
2026-06-15T08:57:53.433Z [info] [Step5 research daily-20260615-r03/custom_1c37da1206196461] [-] rpc agent begin {"timeout_ms":600000}
2026-06-15T08:57:53.558Z [info] [Step5 research daily-20260615-r03/custom_1c37da1206196461] [-] rpc agent ok {"duration_ms":125}
2026-06-15T08:57:53.559Z [info] [Step5 research daily-20260615-r03/custom_1c37da1206196461] [-] rpc agent.wait begin {"timeout_ms":600000}
2026-06-15T08:58:33.300Z [info] [Step5 research daily-20260615-r03/custom_1c37da1206196461] [-] rpc agent.wait ok {"duration_ms":39741}
2026-06-15T08:58:33.301Z [info] [Step5 research daily-20260615-r03/custom_1c37da1206196461] [-] rpc chat.history begin {"timeout_ms":600000}
2026-06-15T08:58:33.344Z [info] [Step5 research daily-20260615-r03/custom_1c37da1206196461] [-] rpc chat.history ok {"duration_ms":43}
2026-06-15T08:58:33.345Z [info] [Step5 research daily-20260615-r03/custom_1c37da1206196461] [-] run_agent done {"duration_ms":39916,"gateway_run_id":"step5-research-daily-20260615-r03-r03-custom_1c37da1206196461-1781513873427","content_chars":1257}
2026-06-15T08:58:33.677Z [info] [Step6 copy daily-20260615-r03/custom_1c37da1206196461 attempt=1] [-] run_agent start {"timeout_ms":600000,"idempotency_key":"step6-copy-daily-20260615-r03-r03-custom_1c37da1206196461-1781513913675-1"}
2026-06-15T08:58:33.680Z [info] [Step6 copy daily-20260615-r03/custom_1c37da1206196461 attempt=1] [-] rpc agent begin {"timeout_ms":600000}
2026-06-15T08:58:33.847Z [info] [Step6 copy daily-20260615-r03/custom_1c37da1206196461 attempt=1] [-] rpc agent ok {"duration_ms":167}
2026-06-15T08:58:33.849Z [info] [Step6 copy daily-20260615-r03/custom_1c37da1206196461 attempt=1] [-] rpc agent.wait begin {"timeout_ms":600000}
2026-06-15T08:58:49.819Z [info] [Step6 copy daily-20260615-r03/custom_1c37da1206196461 attempt=1] [-] rpc agent.wait ok {"duration_ms":15970}
2026-06-15T08:58:49.821Z [info] [Step6 copy daily-20260615-r03/custom_1c37da1206196461 attempt=1] [-] rpc chat.history begin {"timeout_ms":600000}
2026-06-15T08:58:49.987Z [info] [Step6 copy daily-20260615-r03/custom_1c37da1206196461 attempt=1] [-] rpc chat.history ok {"duration_ms":166}
2026-06-15T08:58:49.988Z [info] [Step6 copy daily-20260615-r03/custom_1c37da1206196461 attempt=1] [-] run_agent done {"duration_ms":16311,"gateway_run_id":"step6-copy-daily-20260615-r03-r03-custom_1c37da1206196461-1781513913675-1","content_chars":2775}
2026-06-15T08:58:49.993Z [info] [Step6 copy daily-20260615-r03/custom_1c37da1206196461 attempt=2] [-] run_agent start {"timeout_ms":600000,"idempotency_key":"step6-copy-daily-20260615-r03-r03-custom_1c37da1206196461-1781513929993-2"}
2026-06-15T08:58:49.995Z [info] [Step6 copy daily-20260615-r03/custom_1c37da1206196461 attempt=2] [-] rpc agent begin {"timeout_ms":600000}
2026-06-15T08:58:50.124Z [info] [Step6 copy daily-20260615-r03/custom_1c37da1206196461 attempt=2] [-] rpc agent ok {"duration_ms":129}
2026-06-15T08:58:50.125Z [info] [Step6 copy daily-20260615-r03/custom_1c37da1206196461 attempt=2] [-] rpc agent.wait begin {"timeout_ms":600000}
2026-06-15T08:59:19.654Z [info] [Step6 copy daily-20260615-r03/custom_1c37da1206196461 attempt=2] [-] rpc agent.wait ok {"duration_ms":29529}
2026-06-15T08:59:19.654Z [info] [Step6 copy daily-20260615-r03/custom_1c37da1206196461 attempt=2] [-] rpc chat.history begin {"timeout_ms":600000}
2026-06-15T08:59:19.708Z [info] [Step6 copy daily-20260615-r03/custom_1c37da1206196461 attempt=2] [-] rpc chat.history ok {"duration_ms":54}
2026-06-15T08:59:19.708Z [info] [Step6 copy daily-20260615-r03/custom_1c37da1206196461 attempt=2] [-] run_agent done {"duration_ms":29715,"gateway_run_id":"step6-copy-daily-20260615-r03-r03-custom_1c37da1206196461-1781513929993-2","content_chars":6008}
2026-06-15T08:59:19.710Z [info] [Step6 copy daily-20260615-r03/custom_1c37da1206196461 attempt=3] [-] run_agent start {"timeout_ms":600000,"idempotency_key":"step6-copy-daily-20260615-r03-r03-custom_1c37da1206196461-1781513959709-3"}
2026-06-15T08:59:19.710Z [info] [Step6 copy daily-20260615-r03/custom_1c37da1206196461 attempt=3] [-] rpc agent begin {"timeout_ms":600000}
2026-06-15T08:59:19.801Z [info] [Step6 copy daily-20260615-r03/custom_1c37da1206196461 attempt=3] [-] rpc agent ok {"duration_ms":91}
2026-06-15T08:59:19.802Z [info] [Step6 copy daily-20260615-r03/custom_1c37da1206196461 attempt=3] [-] rpc agent.wait begin {"timeout_ms":600000}
2026-06-15T08:59:34.316Z [info] [Step6 copy daily-20260615-r03/custom_1c37da1206196461 attempt=3] [-] rpc agent.wait ok {"duration_ms":14514}
2026-06-15T08:59:34.317Z [info] [Step6 copy daily-20260615-r03/custom_1c37da1206196461 attempt=3] [-] rpc chat.history begin {"timeout_ms":600000}
2026-06-15T08:59:34.358Z [info] [Step6 copy daily-20260615-r03/custom_1c37da1206196461 attempt=3] [-] rpc chat.history ok {"duration_ms":41}
2026-06-15T08:59:34.359Z [info] [Step6 copy daily-20260615-r03/custom_1c37da1206196461 attempt=3] [-] run_agent done {"duration_ms":14649,"gateway_run_id":"step6-copy-daily-20260615-r03-r03-custom_1c37da1206196461-1781513959709-3","content_chars":2927}
