2026-06-11T03:03:47.286Z [info] [Step5 research daily-20260611-r01/custom_b14a1326699e0b4d] [-] run_agent start {"timeout_ms":600000,"idempotency_key":"step5-research-daily-20260611-r01-r01-custom_b14a1326699e0b4d-1781147027285"}
2026-06-11T03:03:47.287Z [info] [Step5 research daily-20260611-r01/custom_b14a1326699e0b4d] [-] rpc agent begin {"timeout_ms":600000}
2026-06-11T03:03:47.363Z [info] [Step5 research daily-20260611-r01/custom_b14a1326699e0b4d] [-] rpc agent ok {"duration_ms":76}
2026-06-11T03:03:47.364Z [info] [Step5 research daily-20260611-r01/custom_b14a1326699e0b4d] [-] rpc agent.wait begin {"timeout_ms":600000}
2026-06-11T03:03:57.508Z [info] [Step5 research daily-20260611-r01/custom_b14a1326699e0b4d] [-] rpc agent.wait ok {"duration_ms":10144}
2026-06-11T03:03:57.510Z [info] [Step5 research daily-20260611-r01/custom_b14a1326699e0b4d] [-] rpc chat.history begin {"timeout_ms":600000}
2026-06-11T03:03:57.585Z [info] [Step5 research daily-20260611-r01/custom_b14a1326699e0b4d] [-] rpc chat.history ok {"duration_ms":75}
2026-06-11T03:03:57.585Z [info] [Step5 research daily-20260611-r01/custom_b14a1326699e0b4d] [-] run_agent done {"duration_ms":10299,"gateway_run_id":"step5-research-daily-20260611-r01-r01-custom_b14a1326699e0b4d-1781147027285","content_chars":1192}
2026-06-11T03:03:57.876Z [info] [Step6 copy daily-20260611-r01/custom_b14a1326699e0b4d attempt=1] [-] run_agent start {"timeout_ms":600000,"idempotency_key":"step6-copy-daily-20260611-r01-r01-custom_b14a1326699e0b4d-1781147037875-1"}
2026-06-11T03:03:57.878Z [info] [Step6 copy daily-20260611-r01/custom_b14a1326699e0b4d attempt=1] [-] rpc agent begin {"timeout_ms":600000}
2026-06-11T03:03:57.930Z [info] [Step6 copy daily-20260611-r01/custom_b14a1326699e0b4d attempt=1] [-] rpc agent ok {"duration_ms":52}
2026-06-11T03:03:57.930Z [info] [Step6 copy daily-20260611-r01/custom_b14a1326699e0b4d attempt=1] [-] rpc agent.wait begin {"timeout_ms":600000}
2026-06-11T03:04:14.187Z [info] [Step6 copy daily-20260611-r01/custom_b14a1326699e0b4d attempt=1] [-] rpc agent.wait ok {"duration_ms":16257}
2026-06-11T03:04:14.187Z [info] [Step6 copy daily-20260611-r01/custom_b14a1326699e0b4d attempt=1] [-] rpc chat.history begin {"timeout_ms":600000}
2026-06-11T03:04:14.229Z [info] [Step6 copy daily-20260611-r01/custom_b14a1326699e0b4d attempt=1] [-] rpc chat.history ok {"duration_ms":42}
2026-06-11T03:04:14.229Z [info] [Step6 copy daily-20260611-r01/custom_b14a1326699e0b4d attempt=1] [-] run_agent done {"duration_ms":16353,"gateway_run_id":"step6-copy-daily-20260611-r01-r01-custom_b14a1326699e0b4d-1781147037875-1","content_chars":2863}
2026-06-11T03:04:14.231Z [info] [Step6 copy daily-20260611-r01/custom_b14a1326699e0b4d attempt=2] [-] run_agent start {"timeout_ms":600000,"idempotency_key":"step6-copy-daily-20260611-r01-r01-custom_b14a1326699e0b4d-1781147054231-2"}
2026-06-11T03:04:14.232Z [info] [Step6 copy daily-20260611-r01/custom_b14a1326699e0b4d attempt=2] [-] rpc agent begin {"timeout_ms":600000}
2026-06-11T03:04:14.284Z [info] [Step6 copy daily-20260611-r01/custom_b14a1326699e0b4d attempt=2] [-] rpc agent ok {"duration_ms":52}
2026-06-11T03:04:14.285Z [info] [Step6 copy daily-20260611-r01/custom_b14a1326699e0b4d attempt=2] [-] rpc agent.wait begin {"timeout_ms":600000}
2026-06-11T03:04:44.119Z [info] [Step6 copy daily-20260611-r01/custom_b14a1326699e0b4d attempt=2] [-] rpc agent.wait ok {"duration_ms":29834}
2026-06-11T03:04:44.119Z [info] [Step6 copy daily-20260611-r01/custom_b14a1326699e0b4d attempt=2] [-] rpc chat.history begin {"timeout_ms":600000}
2026-06-11T03:04:44.196Z [info] [Step6 copy daily-20260611-r01/custom_b14a1326699e0b4d attempt=2] [-] rpc chat.history ok {"duration_ms":77}
2026-06-11T03:04:44.197Z [info] [Step6 copy daily-20260611-r01/custom_b14a1326699e0b4d attempt=2] [-] run_agent done {"duration_ms":29966,"gateway_run_id":"step6-copy-daily-20260611-r01-r01-custom_b14a1326699e0b4d-1781147054231-2","content_chars":3283}
2026-06-11T03:04:44.198Z [info] [Step6 copy daily-20260611-r01/custom_b14a1326699e0b4d attempt=3] [-] run_agent start {"timeout_ms":600000,"idempotency_key":"step6-copy-daily-20260611-r01-r01-custom_b14a1326699e0b4d-1781147084198-3"}
2026-06-11T03:04:44.199Z [info] [Step6 copy daily-20260611-r01/custom_b14a1326699e0b4d attempt=3] [-] rpc agent begin {"timeout_ms":600000}
2026-06-11T03:04:44.236Z [info] [Step6 copy daily-20260611-r01/custom_b14a1326699e0b4d attempt=3] [-] rpc agent ok {"duration_ms":37}
2026-06-11T03:04:44.237Z [info] [Step6 copy daily-20260611-r01/custom_b14a1326699e0b4d attempt=3] [-] rpc agent.wait begin {"timeout_ms":600000}
2026-06-11T03:05:17.801Z [info] [Step6 copy daily-20260611-r01/custom_b14a1326699e0b4d attempt=3] [-] rpc agent.wait ok {"duration_ms":33564}
2026-06-11T03:05:17.802Z [info] [Step6 copy daily-20260611-r01/custom_b14a1326699e0b4d attempt=3] [-] rpc chat.history begin {"timeout_ms":600000}
2026-06-11T03:05:17.845Z [info] [Step6 copy daily-20260611-r01/custom_b14a1326699e0b4d attempt=3] [-] rpc chat.history ok {"duration_ms":43}
2026-06-11T03:05:17.846Z [info] [Step6 copy daily-20260611-r01/custom_b14a1326699e0b4d attempt=3] [-] run_agent done {"duration_ms":33648,"gateway_run_id":"step6-copy-daily-20260611-r01-r01-custom_b14a1326699e0b4d-1781147084198-3","content_chars":3260}
