[2026-06-12T02:44:07.006Z] 开始发布 mode=post platform=x profile=default job=C:\Users\compu\.openclaw\publish-system\data\tasks\daily-20260612-r01\publish\publish_job_20260612_r01.json
[2026-06-12T02:44:11.057Z] human wait scroll:down 1263ms
[2026-06-12T02:44:12.346Z] human wait scroll:up 1438ms
[2026-06-12T02:44:13.830Z] human wait open_composer:before 3564ms
[2026-06-12T02:44:17.620Z] clicked SideNav_NewTweet_Button
[2026-06-12T02:44:17.621Z] human wait open_composer:after 3929ms
[2026-06-12T02:44:21.556Z] human wait fill_post_text:before 4119ms
[2026-06-12T02:44:25.766Z] filled Post text len=201
[2026-06-12T02:44:25.767Z] human wait fill_post_text:after 3040ms
[2026-06-12T02:44:28.816Z] human wait upload_media:before 3473ms
[2026-06-12T02:44:32.330Z] setInputFiles count=4
[2026-06-12T02:44:32.331Z] human wait upload_media:after 4856ms
[2026-06-12T02:44:37.204Z] human wait upload_settle 4021ms
[2026-06-12T02:44:41.257Z] human wait click_publish:before 3888ms
[2026-06-12T02:44:45.195Z] clicked tweetButton
[2026-06-12T02:44:45.196Z] human wait click_publish:after 3636ms
[2026-06-12T02:44:48.836Z] post-publish settle 10000ms after publish button click
[2026-06-12T02:44:58.899Z] 打开个人主页校验: https://x.com/ouennenn123287
[2026-06-12T02:45:02.226Z] human wait scroll:down 1035ms
[2026-06-12T02:45:03.271Z] human wait scroll:up 925ms
[2026-06-12T02:45:04.270Z] X 发布完成（校验=true） username=ouennenn123287 post_id=2065264012703777234 post_url=https://x.com/ouennenn123287/status/2065264012703777234
[2026-06-12T02:45:04.471Z] 登录态已保存: C:\Users\compu\.openclaw\publish-system\data\auth\x\default\state.json
[2026-06-12T02:45:04.867Z] 结果已保存: C:\Users\compu\.openclaw\publish-system\logs\task\daily-20260612-r01\x\default\result.json
