[2026-06-10T04:23:43.748Z] 开始发布 mode=post platform=facebook profile=default job=C:\Users\compu\.openclaw\publish-system\data\tasks\daily-20260610-r01\publish\publish_job_20260610_r01.json
[2026-06-10T04:23:48.836Z] Facebook 登录态失效（发布阶段不做登录，请先执行 npm run login -- --platform facebook）
[2026-06-10T04:23:48.859Z] 登录态已保存: C:\Users\compu\.openclaw\publish-system\data\auth\facebook\default\state.json
[2026-06-10T04:23:49.347Z] 结果已保存: C:\Users\compu\.openclaw\publish-system\logs\task\daily-20260610-r01\facebook\default\result.json
[2026-06-10T05:13:37.800Z] 开始发布 mode=post platform=facebook profile=default job=C:\Users\compu\.openclaw\publish-system\data\tasks\daily-20260610-r01\publish\publish_job_20260610_r01.json
[2026-06-10T05:13:49.544Z] dismiss overlay: div[role='button'][aria-label='閉じる']
[2026-06-10T05:17:25.325Z] ERROR No visible selector matched: ["div[role='button']:has-text(\"What's on your mind\")","div[role='button']:has-text('你在想什么')","div[role='button']:has-text('分享你的新鲜事')","span:has-text(\"What's on your mind\")","span:has-text('你在想什么')"]; last_error=Error: locator.waitFor: Target page, context or browser has been closed
Call log:
[2m  - waiting for locator('span:has-text(\'你在想什么\')').first() to be visible[22m

[2026-06-10T05:17:25.679Z] 登录态已保存: C:\Users\compu\.openclaw\publish-system\data\auth\facebook\default\state.json
[2026-06-10T05:17:26.105Z] 结果已保存: C:\Users\compu\.openclaw\publish-system\logs\task\daily-20260610-r01\facebook\default\result.json
[2026-06-10T05:24:49.499Z] 开始发布 mode=post platform=facebook profile=default job=C:\Users\compu\.openclaw\publish-system\data\tasks\daily-20260610-r01\publish\publish_job_20260610_r01.json
[2026-06-10T05:25:04.657Z] open composer trigger=role_button index=0
[2026-06-10T05:25:04.688Z] human wait wait_composer_dialog 383ms
[2026-06-10T05:25:05.099Z] open composer dialog picked (has textbox)
[2026-06-10T05:25:05.100Z] human wait fill_post_text:before 3277ms
[2026-06-10T05:25:08.464Z] composer paragraph clicked
[2026-06-10T05:25:08.465Z] human wait composer_paragraph 660ms
[2026-06-10T05:25:09.199Z] human wait textbox_focus 245ms
[2026-06-10T05:25:09.579Z] human wait textbox_filled 431ms
[2026-06-10T05:25:10.024Z] composer text verified via role textbox probe="日本のIT業界は国際的な才能を求めていま"
[2026-06-10T05:25:10.025Z] human wait fill_post_text:after 4677ms
[2026-06-10T05:25:14.719Z] human wait upload_media:before 4924ms
[2026-06-10T05:25:19.672Z] clicked add-photo button role=button name~=照片/视频
[2026-06-10T05:25:19.699Z] add-photo button setInputFiles failed: Error: locator.setInputFiles: Error: Node is not an HTMLInputElement
Call log:
[2m  - waiting for locator('div[role=\'dialog\']').nth(1).getByRole('button', { name: /照片\/视频|Photo\/video/i }).first()[22m
[2m    - locator resolved to <div tabindex="0" role="button" aria-label="照片/视频" class="x1i10hfl x1qjc9v5 xjqpnuy xc5r6h4 xqeqjp1 x1phubyo x1ypdohk xdl72j9 x2lah0s x3ct3a4 x2lwn1j xeuugli x1hl2dhg xggy1nq x1t137rt x1fmog5m xu25z0z x140muxe xo1y3bh x3nfvp2 x1q0g3np x87ps6o x1lku1pv x1a2a7pz xjyslct xjbqb8w x13fuv20 x18b5jzi x1q0q8m5 x1t7ytsu x972fbf x10w94by x1qhh985 x14e42zd x9f619 xdj266r x14z9mp xat24cr x1lziwak xexx8yu xyri2b x18d9i69 x1c1uobl x1n2onr6 x16tdsg8 x1ja2u2z">…</div>[22m

[2026-06-10T05:25:19.752Z] clicked add-photo button selector=div[role='button'][aria-label*='照片']
[2026-06-10T05:25:19.774Z] uploaded via filechooser count=4
[2026-06-10T05:25:19.775Z] human wait upload_media:after 3857ms
[2026-06-10T05:25:23.679Z] ERROR 找不到可点击的 Facebook 发帖/发布按钮（可能文案未写入或图片未加载完成）
[2026-06-10T05:25:24.256Z] 登录态已保存: C:\Users\compu\.openclaw\publish-system\data\auth\facebook\default\state.json
[2026-06-10T05:25:25.069Z] 结果已保存: C:\Users\compu\.openclaw\publish-system\logs\task\daily-20260610-r01\facebook\default\result.json
[2026-06-10T05:41:14.072Z] 开始发布 mode=post platform=facebook profile=default job=C:\Users\compu\.openclaw\publish-system\data\tasks\daily-20260610-r01\publish\publish_job_20260610_r01.json
[2026-06-10T05:41:28.284Z] open composer trigger=role_button index=0
[2026-06-10T05:41:28.303Z] human wait wait_composer_dialog 340ms
[2026-06-10T05:41:28.703Z] open composer dialog picked (has textbox)
[2026-06-10T05:41:28.704Z] human wait fill_post_text:before 3436ms
[2026-06-10T05:41:32.223Z] composer paragraph clicked
[2026-06-10T05:41:32.224Z] human wait composer_paragraph 505ms
[2026-06-10T05:41:32.833Z] human wait textbox_focus 499ms
[2026-06-10T05:41:33.433Z] human wait textbox_filled 683ms
[2026-06-10T05:41:34.149Z] composer text verified via role textbox probe="日本のIT業界は国際的な才能を求めていま"
[2026-06-10T05:41:34.150Z] human wait fill_post_text:after 4786ms
[2026-06-10T05:41:38.940Z] human wait upload_media:before 3224ms
[2026-06-10T05:41:42.173Z] found 写真・動画
[2026-06-10T05:41:42.186Z] 写真・動画 setInputFiles failed, fallback to filechooser: Error: locator.setInputFiles: Error: Node is not an HTMLInputElement
Call log:
[2m  - waiting for locator('div[role=\'dialog\']').nth(1).getByRole('button', { name: '写真・動画' }).first()[22m
[2m    - locator resolved to <div tabindex="0" role="button" aria-label="写真・動画" class="x1i10hfl x1qjc9v5 xjqpnuy xc5r6h4 xqeqjp1 x1phubyo x1ypdohk xdl72j9 x2lah0s x3ct3a4 x2lwn1j xeuugli x1hl2dhg xggy1nq x1t137rt x1fmog5m xu25z0z x140muxe xo1y3bh x3nfvp2 x1q0g3np x87ps6o x1lku1pv x1a2a7pz xjyslct xjbqb8w x13fuv20 x18b5jzi x1q0q8m5 x1t7ytsu x972fbf x10w94by x1qhh985 x14e42zd x9f619 xdj266r x14z9mp xat24cr x1lziwak xexx8yu xyri2b x18d9i69 x1c1uobl x1n2onr6 x16tdsg8 x1ja2u2z">…</div>[22m

[2026-06-10T05:41:42.239Z] uploaded via filechooser count=4
[2026-06-10T05:41:42.666Z] clicked media wizard next index=0
[2026-06-10T05:41:42.666Z] human wait after_media_next 507ms
[2026-06-10T05:41:43.188Z] human wait upload_media:after 4064ms
[2026-06-10T05:41:47.259Z] human wait set_privacy_public:before 4804ms
[2026-06-10T05:41:52.156Z] clicked 投稿の共有範囲
[2026-06-10T05:41:53.088Z] checked 公開 Facebook利用者以外を含むすべての人
[2026-06-10T05:41:53.165Z] clicked Facebook利用者以外を含むすべての人
[2026-06-10T05:41:53.245Z] clicked privacy dialog done
[2026-06-10T05:41:53.245Z] human wait after_privacy_done 675ms
[2026-06-10T05:41:53.923Z] human wait set_privacy_public:after 3930ms
[2026-06-10T05:41:57.965Z] human wait click_publish:before 3012ms
[2026-06-10T05:42:01.046Z] clicked post role index=0
[2026-06-10T05:42:01.047Z] human wait click_publish:after 4276ms
[2026-06-10T05:42:05.327Z] post-publish settle 10000ms after publish button click
[2026-06-10T05:42:22.381Z] facebook published post_url=https://www.facebook.com/permalink.php?story_fbid=pfbid038CR992QQNbnuYeERyB3x3nSWCtLoaQdWuimuMCtzgomZjVAd28tMniPZAUA6Eq4Wl&id=100006666765488&notif_id=1781030865454971&notif_t=feedback_reaction_generic&ref=notif
[2026-06-10T05:42:22.475Z] 登录态已保存: C:\Users\compu\.openclaw\publish-system\data\auth\facebook\default\state.json
[2026-06-10T05:42:22.978Z] 结果已保存: C:\Users\compu\.openclaw\publish-system\logs\task\daily-20260610-r01\facebook\default\result.json
