[2026-06-10T04:26:05.970Z] 开始发布 mode=video platform=youtube profile=default job=C:\Users\compu\.openclaw\publish-system\data\tasks\daily-20260610-r01\publish\publish_job_20260610_r01.json
[2026-06-10T04:27:06.957Z] studio root not visible yet: TimeoutError: locator.waitFor: Timeout 60000ms exceeded.
Call log:
[2m  - waiting for locator('ytcp-app').first() to be visible[22m
[2m    3 × locator resolved to hidden <ytcp-app></ytcp-app>[22m
[2m    - locator resolved to hidden <ytcp-app enable-page-title="">…</ytcp-app>[22m
[2m    113 × locator resolved to hidden <ytcp-app enable-page-title="" show-title-bar-actions="">…</ytcp-app>[22m

[2026-06-10T04:27:06.972Z] isLoggedIn=true (cookie hints matched: SAPISID,APISID,SID,HSID,SSID,__Secure-3PAPISID,__Secure-3PSID,LOGIN_INFO)
[2026-06-10T04:27:07.106Z] clicked upload entry name=/上传视频/
[2026-06-10T04:27:07.173Z] uploaded video via filechooser file=C:\Users\compu\.openclaw\publish-system\data\assets\video\Common\2026-04-14_170808_321157_日本IT项目对AI的接受程度_1.mp4
[2026-06-10T04:27:07.174Z] wait after_upload_processing ms=90000
[2026-06-10T04:28:37.257Z] filled title via role textbox
[2026-06-10T04:28:37.316Z] filled description via role textbox
[2026-06-10T04:28:37.356Z] selected not-made-for-kids via role radio
[2026-06-10T04:28:37.447Z] clicked continue(1)
[2026-06-10T04:28:37.448Z] wait after_continue_1 ms=60000
[2026-06-10T04:29:37.512Z] clicked continue(2)
[2026-06-10T04:29:37.513Z] wait after_continue_2 ms=60000
[2026-06-10T04:30:37.628Z] clicked continue(3)
[2026-06-10T04:30:37.629Z] wait after_continue_3 ms=60000
[2026-06-10T04:31:37.681Z] picked visibility=公开
[2026-06-10T04:31:37.681Z] wait after_visibility ms=60000
[2026-06-10T04:32:37.729Z] clicked 发布
[2026-06-10T04:32:37.730Z] wait after_publish_click ms=90000
[2026-06-10T04:34:07.797Z] clicked close-icon-button
[2026-06-10T04:34:07.930Z] 登录态已保存: C:\Users\compu\.openclaw\publish-system\data\auth\youtube\default\state.json
[2026-06-10T04:34:08.236Z] 结果已保存: C:\Users\compu\.openclaw\publish-system\logs\task\daily-20260610-r01\youtube\default\result.json
