[2026-06-10T07:47:14.421Z] 开始发布 mode=post platform=x profile=default job=C:\Users\compu\.openclaw\publish-system\data\tasks\daily-20260610-r02\publish\publish_job_20260610_r02.json
[2026-06-10T07:47:19.803Z] human wait scroll:down 928ms
[2026-06-10T07:47:20.752Z] human wait scroll:up 885ms
[2026-06-10T07:47:21.734Z] human wait open_composer:before 4647ms
[2026-06-10T07:47:26.663Z] clicked SideNav_NewTweet_Button
[2026-06-10T07:47:26.665Z] human wait open_composer:after 3239ms
[2026-06-10T07:47:29.908Z] human wait fill_post_text:before 4145ms
[2026-06-10T07:47:34.141Z] filled Post text len=200
[2026-06-10T07:47:34.142Z] human wait fill_post_text:after 4381ms
[2026-06-10T07:47:38.535Z] human wait upload_media:before 3919ms
[2026-06-10T07:47:42.515Z] setInputFiles count=4
[2026-06-10T07:47:42.516Z] human wait upload_media:after 3199ms
[2026-06-10T07:47:45.727Z] human wait upload_settle 4166ms
[2026-06-10T07:47:49.922Z] human wait click_publish:before 3223ms
[2026-06-10T07:47:53.207Z] clicked tweetButton
[2026-06-10T07:47:53.208Z] human wait click_publish:after 3210ms
[2026-06-10T07:47:56.428Z] post-publish settle 10000ms after publish button click
[2026-06-10T07:48:06.528Z] 打开个人主页校验: https://x.com/ouennenn123287
[2026-06-10T07:48:10.159Z] human wait scroll:down 1390ms
[2026-06-10T07:48:11.557Z] human wait scroll:up 861ms
[2026-06-10T07:48:12.479Z] X 发布完成（校验=true） username=ouennenn123287 post_id=2064615524378808707 post_url=https://x.com/ouennenn123287/status/2064615524378808707
[2026-06-10T07:48:12.767Z] 登录态已保存: C:\Users\compu\.openclaw\publish-system\data\auth\x\default\state.json
[2026-06-10T07:48:13.101Z] 结果已保存: C:\Users\compu\.openclaw\publish-system\logs\task\daily-20260610-r02\x\default\result.json
