[2026-06-12T02:45:04.868Z] 开始发布 mode=post platform=instagram profile=default job=C:\Users\compu\.openclaw\publish-system\data\tasks\daily-20260612-r01\publish\publish_job_20260612_r01.json
[2026-06-12T02:45:10.278Z] hovered nav to expand sidebar
[2026-06-12T02:45:10.278Z] human wait sidebar_hover 1336ms
[2026-06-12T02:45:11.682Z] hovered nav to expand sidebar
[2026-06-12T02:45:11.682Z] human wait sidebar_hover 1314ms
[2026-06-12T02:45:12.998Z] human wait before_create_entry 3026ms
[2026-06-12T02:45:16.111Z] hovered nav to expand sidebar
[2026-06-12T02:45:16.113Z] human wait sidebar_hover 1492ms
[2026-06-12T02:45:17.725Z] clicked create icon selector=svg[aria-label='新しい投稿']
[2026-06-12T02:45:17.726Z] human wait after_create_entry 4283ms
[2026-06-12T02:45:22.119Z] clicked link 投稿 投稿
[2026-06-12T02:45:22.119Z] human wait after_post_type_link 3286ms
[2026-06-12T02:45:25.433Z] human wait upload_media:before 3493ms
[2026-06-12T02:45:28.940Z] select button setInputFiles failed, fallback to filechooser: Error: locator.setInputFiles: Error: Node is not an HTMLInputElement
Call log:
[2m  - waiting for getByRole('button', { name: 'コンピューターから選択' }).first()[22m
[2m    - locator resolved to <button type="button" class=" _aswp _aswr _aswu _asw_ _asx2">コンピューターから選択</button>[22m

[2026-06-12T02:45:28.965Z] uploaded via filechooser count=1
[2026-06-12T02:45:28.966Z] human wait upload_media:after 3069ms
[2026-06-12T02:45:32.176Z] clicked 次へ (1)
[2026-06-12T02:45:32.176Z] human wait after_next_1 3242ms
[2026-06-12T02:45:35.518Z] clicked 次へ (2)
[2026-06-12T02:45:35.519Z] human wait after_next_2 4644ms
[2026-06-12T02:45:40.186Z] human wait fill_caption:before 4487ms
[2026-06-12T02:45:44.762Z] filled caption キャプションを入力…
[2026-06-12T02:45:44.762Z] human wait fill_caption:after 4371ms
[2026-06-12T02:45:49.165Z] human wait click_publish:before 3002ms
[2026-06-12T02:45:52.241Z] clicked シェア
[2026-06-12T02:45:52.241Z] human wait click_publish:after 3752ms
[2026-06-12T02:45:56.001Z] post-publish settle 10000ms after publish button click
[2026-06-12T02:46:06.315Z] clicked 完了
[2026-06-12T02:46:08.381Z] instagram post_url=https://www.instagram.com/ouennenn_0909/p/DZeDVa1j5uV/
[2026-06-12T02:46:08.499Z] 登录态已保存: C:\Users\compu\.openclaw\publish-system\data\auth\instagram\default\state.json
[2026-06-12T02:46:08.872Z] 结果已保存: C:\Users\compu\.openclaw\publish-system\logs\task\daily-20260612-r01\instagram\default\result.json
