[2026-06-10T09:43:49.493Z] 开始发布 mode=post platform=facebook profile=default job=C:\Users\compu\.openclaw\publish-system\data\tasks\daily-20260610-r03\publish\publish_job_20260610_r03.json
[2026-06-10T09:44:04.971Z] open composer trigger=role_button index=0
[2026-06-10T09:44:05.009Z] human wait wait_composer_dialog 204ms
[2026-06-10T09:44:05.274Z] human wait wait_composer_dialog 429ms
[2026-06-10T09:44:05.745Z] open composer dialog picked (has textbox)
[2026-06-10T09:44:05.746Z] human wait fill_post_text:before 3331ms
[2026-06-10T09:44:09.129Z] composer paragraph clicked
[2026-06-10T09:44:09.129Z] human wait composer_paragraph 334ms
[2026-06-10T09:44:09.527Z] human wait textbox_focus 319ms
[2026-06-10T09:44:09.950Z] human wait textbox_filled 720ms
[2026-06-10T09:44:10.693Z] composer text verified via role textbox probe="ドイツの裁判所は、GoogleのAI概要"
[2026-06-10T09:44:10.693Z] human wait fill_post_text:after 3293ms
[2026-06-10T09:44:13.996Z] human wait upload_media:before 3077ms
[2026-06-10T09:44:17.103Z] found 写真・動画
[2026-06-10T09:44:17.122Z] 写真・動画 setInputFiles failed, fallback to filechooser: Error: locator.setInputFiles: Error: Node is not an HTMLInputElement
Call log:
[2m  - waiting for locator('div[role=\'dialog\']').nth(1).getByRole('button', { name: '写真・動画' }).first()[22m
[2m    - locator resolved to <div tabindex="0" role="button" aria-label="写真・動画" class="x1i10hfl x1qjc9v5 xjqpnuy xc5r6h4 xqeqjp1 x1phubyo x1ypdohk xdl72j9 x2lah0s x3ct3a4 x2lwn1j xeuugli x1hl2dhg xggy1nq x1t137rt x1fmog5m xu25z0z x140muxe xo1y3bh x3nfvp2 x1q0g3np x87ps6o x1lku1pv x1a2a7pz xjyslct xjbqb8w x13fuv20 x18b5jzi x1q0q8m5 x1t7ytsu x972fbf x10w94by x1qhh985 x14e42zd x9f619 xdj266r x14z9mp xat24cr x1lziwak xexx8yu xyri2b x18d9i69 x1c1uobl x1n2onr6 x16tdsg8 x1ja2u2z">…</div>[22m

[2026-06-10T09:44:17.175Z] uploaded via filechooser count=4
[2026-06-10T09:44:17.551Z] clicked media wizard next index=0
[2026-06-10T09:44:17.551Z] human wait after_media_next 1200ms
[2026-06-10T09:44:18.766Z] human wait upload_media:after 4707ms
[2026-06-10T09:44:23.490Z] human wait set_privacy_public:before 4093ms
[2026-06-10T09:44:27.761Z] clicked 投稿の共有範囲
[2026-06-10T09:44:28.736Z] checked 公開 Facebook利用者以外を含むすべての人
[2026-06-10T09:44:28.795Z] clicked Facebook利用者以外を含むすべての人
[2026-06-10T09:44:28.871Z] clicked privacy dialog done
[2026-06-10T09:44:28.873Z] human wait after_privacy_done 885ms
[2026-06-10T09:44:29.769Z] human wait set_privacy_public:after 4800ms
[2026-06-10T09:44:34.731Z] human wait click_publish:before 4928ms
[2026-06-10T09:44:39.835Z] clicked post role index=0
[2026-06-10T09:44:39.835Z] human wait click_publish:after 4548ms
[2026-06-10T09:44:44.386Z] post-publish settle 10000ms after publish button click
[2026-06-10T09:45:00.097Z] facebook published post_url=https://www.facebook.com/permalink.php?story_fbid=pfbid02VFPQN5EtycGjPW2CHWLQibxUMEKHzoXKiSsKbXLB911aWKzgyQu9iDAu9MGJfkGEl&id=100006666765488&__cft__[0]=AZbksJCy7Q0VkHgngmxkyeOO8nKoYN2IeEmTf8SnnP10Pag1evpJU1Q-nRyiuUbQEH7TSX6Ug8h6PLkhrXLEHbRgSZ-Al7mlfuFTY0emGZu7i89OShQIDvo4ojwUdmW0GJ3Tm-IT-D_V1RL2MVXzM6p8PigJrWQ_8yik2jYiPafLaSQ81QHjD_uvMaJRBsSPwrsMIzQnkMSkNzENTE5mqqJN&__tn__=%2CO%2CP-R
[2026-06-10T09:45:00.173Z] 登录态已保存: C:\Users\compu\.openclaw\publish-system\data\auth\facebook\default\state.json
[2026-06-10T09:45:00.536Z] 结果已保存: C:\Users\compu\.openclaw\publish-system\logs\task\daily-20260610-r03\facebook\default\result.json
