[2026-06-10T09:47:19.332Z] 开始发布 mode=video platform=youtube profile=default job=C:\Users\compu\.openclaw\publish-system\data\tasks\daily-20260610-r03\publish\publish_job_20260610_r03.json
[2026-06-10T09:48:20.820Z] studio root not visible yet: TimeoutError: locator.waitFor: Timeout 60000ms exceeded.
Call log:
[2m  - waiting for locator('ytcp-app').first() to be visible[22m
[2m    120 × locator resolved to hidden <ytcp-app enable-page-title="" show-title-bar-actions="">…</ytcp-app>[22m

[2026-06-10T09:48:20.825Z] isLoggedIn=true (cookie hints matched: SAPISID,APISID,SID,HSID,SSID,__Secure-3PAPISID,__Secure-3PSID,LOGIN_INFO)
[2026-06-10T09:48:20.942Z] clicked upload entry name=/上传视频/
[2026-06-10T09:48:21.057Z] uploaded video via filechooser file=C:\Users\compu\.openclaw\publish-system\data\assets\video\Common\2026-04-14_170808_321157_日本IT项目对AI的接受程度_1.mp4
[2026-06-10T09:48:21.058Z] wait after_upload_processing ms=90000
[2026-06-10T09:49:51.177Z] filled title via role textbox
[2026-06-10T09:49:51.226Z] filled description via role textbox
[2026-06-10T09:49:51.256Z] selected not-made-for-kids via role radio
[2026-06-10T09:49:51.331Z] clicked continue(1)
[2026-06-10T09:49:51.331Z] wait after_continue_1 ms=60000
[2026-06-10T09:50:51.395Z] clicked continue(2)
[2026-06-10T09:50:51.395Z] wait after_continue_2 ms=60000
[2026-06-10T09:51:51.559Z] clicked continue(3)
[2026-06-10T09:51:51.560Z] wait after_continue_3 ms=60000
[2026-06-10T09:52:51.604Z] picked visibility=公开
[2026-06-10T09:52:51.605Z] wait after_visibility ms=60000
[2026-06-10T09:53:51.666Z] clicked 发布
[2026-06-10T09:53:51.667Z] wait after_publish_click ms=90000
[2026-06-10T09:55:21.766Z] clicked close-icon-button
[2026-06-10T09:55:21.990Z] 登录态已保存: C:\Users\compu\.openclaw\publish-system\data\auth\youtube\default\state.json
[2026-06-10T09:55:22.295Z] 结果已保存: C:\Users\compu\.openclaw\publish-system\logs\task\daily-20260610-r03\youtube\default\result.json
