[2026-06-16T00:45:05.025Z] 开始发布 mode=post platform=x profile=default job=C:\Users\compu\.openclaw\publish-system\data\tasks\daily-20260616-r01\publish\publish_job_20260616_r01.json
[2026-06-16T00:45:10.629Z] human wait scroll:down 1359ms
[2026-06-16T00:45:13.640Z] human wait scroll:up 1477ms
[2026-06-16T00:45:15.211Z] human wait open_composer:before 3230ms
[2026-06-16T00:45:19.795Z] clicked SideNav_NewTweet_Button
[2026-06-16T00:45:19.796Z] human wait open_composer:after 3335ms
[2026-06-16T00:45:23.146Z] human wait fill_post_text:before 3175ms
[2026-06-16T00:45:27.765Z] filled Post text len=200
[2026-06-16T00:45:27.766Z] human wait fill_post_text:after 4712ms
[2026-06-16T00:45:32.481Z] human wait upload_media:before 3094ms
[2026-06-16T00:45:35.616Z] setInputFiles count=4
[2026-06-16T00:45:35.617Z] human wait upload_media:after 3589ms
[2026-06-16T00:45:39.213Z] human wait upload_settle 4399ms
[2026-06-16T00:45:43.640Z] human wait click_publish:before 3139ms
[2026-06-16T00:45:46.835Z] clicked tweetButton
[2026-06-16T00:45:46.835Z] human wait click_publish:after 4057ms
[2026-06-16T00:45:50.897Z] post-publish settle 10000ms after publish button click
[2026-06-16T00:46:00.958Z] 打开个人主页校验: https://x.com/ouennenn123287
[2026-06-16T00:46:07.030Z] human wait scroll:down 1211ms
[2026-06-16T00:46:10.063Z] human wait scroll:up 1178ms
[2026-06-16T00:46:11.318Z] X 发布完成（校验=true） username=ouennenn123287 post_id=2066683621117948199 post_url=https://x.com/ouennenn123287/status/2066683621117948199
[2026-06-16T00:46:11.679Z] 登录态已保存: C:\Users\compu\.openclaw\publish-system\data\auth\x\default\state.json
[2026-06-16T00:46:12.028Z] 结果已保存: C:\Users\compu\.openclaw\publish-system\logs\task\daily-20260616-r01\x\default\result.json
